Archive member included to satisfy reference by file (symbol)

/home/eric/dev/baremetal/nxp-lpc55s69-evk/labos-lpc55s69-evk/LPC55S69_OS.src/LPC55S69/mcuxpresso/libpower_hardabi.a(fsl_power_lib.o)
                              ./drivers/fsl_clock.o (POWER_SetVoltageForFreq)
/usr/local/mcuxpressoide-11.3.0_5222/ide/plugins/com.nxp.mcuxpresso.tools.linux_11.3.0.202011031536/tools/bin/../lib/gcc/arm-none-eabi/9.3.1/thumb/v8-m.main+fp/hard/libgcc.a(_aeabi_uldivmod.o)
                              ./drivers/fsl_clock.o (__aeabi_uldivmod)
/usr/local/mcuxpressoide-11.3.0_5222/ide/plugins/com.nxp.mcuxpresso.tools.linux_11.3.0.202011031536/tools/bin/../lib/gcc/arm-none-eabi/9.3.1/thumb/v8-m.main+fp/hard/libgcc.a(_fixunssfdi.o)
                              ./device/system_LPC55S69_cm33_core0.o (__aeabi_f2ulz)
/usr/local/mcuxpressoide-11.3.0_5222/ide/plugins/com.nxp.mcuxpresso.tools.linux_11.3.0.202011031536/tools/bin/../lib/gcc/arm-none-eabi/9.3.1/thumb/v8-m.main+fp/hard/libgcc.a(_udivmoddi4.o)
                              /usr/local/mcuxpressoide-11.3.0_5222/ide/plugins/com.nxp.mcuxpresso.tools.linux_11.3.0.202011031536/tools/bin/../lib/gcc/arm-none-eabi/9.3.1/thumb/v8-m.main+fp/hard/libgcc.a(_aeabi_uldivmod.o) (__udivmoddi4)
/usr/local/mcuxpressoide-11.3.0_5222/ide/plugins/com.nxp.mcuxpresso.tools.linux_11.3.0.202011031536/tools/bin/../lib/gcc/arm-none-eabi/9.3.1/thumb/v8-m.main+fp/hard/libgcc.a(_arm_muldf3.o)
                              /usr/local/mcuxpressoide-11.3.0_5222/ide/plugins/com.nxp.mcuxpresso.tools.linux_11.3.0.202011031536/tools/bin/../lib/gcc/arm-none-eabi/9.3.1/thumb/v8-m.main+fp/hard/libgcc.a(_fixunssfdi.o) (__aeabi_dmul)
/usr/local/mcuxpressoide-11.3.0_5222/ide/plugins/com.nxp.mcuxpresso.tools.linux_11.3.0.202011031536/tools/bin/../lib/gcc/arm-none-eabi/9.3.1/thumb/v8-m.main+fp/hard/libgcc.a(_dvmd_tls.o)
                              /usr/local/mcuxpressoide-11.3.0_5222/ide/plugins/com.nxp.mcuxpresso.tools.linux_11.3.0.202011031536/tools/bin/../lib/gcc/arm-none-eabi/9.3.1/thumb/v8-m.main+fp/hard/libgcc.a(_aeabi_uldivmod.o) (__aeabi_ldiv0)
/usr/local/mcuxpressoide-11.3.0_5222/ide/plugins/com.nxp.mcuxpresso.tools.linux_11.3.0.202011031536/tools/bin/../lib/gcc/arm-none-eabi/9.3.1/thumb/v8-m.main+fp/hard/libgcc.a(_arm_addsubdf3.o)
                              /usr/local/mcuxpressoide-11.3.0_5222/ide/plugins/com.nxp.mcuxpresso.tools.linux_11.3.0.202011031536/tools/bin/../lib/gcc/arm-none-eabi/9.3.1/thumb/v8-m.main+fp/hard/libgcc.a(_fixunssfdi.o) (__aeabi_dsub)
/usr/local/mcuxpressoide-11.3.0_5222/ide/plugins/com.nxp.mcuxpresso.tools.linux_11.3.0.202011031536/tools/bin/../lib/gcc/arm-none-eabi/9.3.1/thumb/v8-m.main+fp/hard/libgcc.a(_arm_fixunsdfsi.o)
                              /usr/local/mcuxpressoide-11.3.0_5222/ide/plugins/com.nxp.mcuxpresso.tools.linux_11.3.0.202011031536/tools/bin/../lib/gcc/arm-none-eabi/9.3.1/thumb/v8-m.main+fp/hard/libgcc.a(_fixunssfdi.o) (__aeabi_d2uiz)
/usr/local/mcuxpressoide-11.3.0_5222/ide/plugins/com.nxp.mcuxpresso.tools.linux_11.3.0.202011031536/tools/bin/../lib/gcc/arm-none-eabi/9.3.1/../../../../arm-none-eabi/lib/thumb/v8-m.main+fp/hard/libc_nano.a(lib_a-assert.o)
                              ./drivers/fsl_clock.o (__assert_func)
/usr/local/mcuxpressoide-11.3.0_5222/ide/plugins/com.nxp.mcuxpresso.tools.linux_11.3.0.202011031536/tools/bin/../lib/gcc/arm-none-eabi/9.3.1/../../../../arm-none-eabi/lib/thumb/v8-m.main+fp/hard/libc_nano.a(lib_a-ctype_.o)
                              ./device/termio.o (_ctype_)
/usr/local/mcuxpressoide-11.3.0_5222/ide/plugins/com.nxp.mcuxpresso.tools.linux_11.3.0.202011031536/tools/bin/../lib/gcc/arm-none-eabi/9.3.1/../../../../arm-none-eabi/lib/thumb/v8-m.main+fp/hard/libc_nano.a(lib_a-errno.o)
                              ./utilities/fsl_str.o (__errno)
/usr/local/mcuxpressoide-11.3.0_5222/ide/plugins/com.nxp.mcuxpresso.tools.linux_11.3.0.202011031536/tools/bin/../lib/gcc/arm-none-eabi/9.3.1/../../../../arm-none-eabi/lib/thumb/v8-m.main+fp/hard/libc_nano.a(lib_a-fprintf.o)
                              /usr/local/mcuxpressoide-11.3.0_5222/ide/plugins/com.nxp.mcuxpresso.tools.linux_11.3.0.202011031536/tools/bin/../lib/gcc/arm-none-eabi/9.3.1/../../../../arm-none-eabi/lib/thumb/v8-m.main+fp/hard/libc_nano.a(lib_a-assert.o) (fiprintf)
/usr/local/mcuxpressoide-11.3.0_5222/ide/plugins/com.nxp.mcuxpresso.tools.linux_11.3.0.202011031536/tools/bin/../lib/gcc/arm-none-eabi/9.3.1/../../../../arm-none-eabi/lib/thumb/v8-m.main+fp/hard/libc_nano.a(lib_a-impure.o)
                              /usr/local/mcuxpressoide-11.3.0_5222/ide/plugins/com.nxp.mcuxpresso.tools.linux_11.3.0.202011031536/tools/bin/../lib/gcc/arm-none-eabi/9.3.1/../../../../arm-none-eabi/lib/thumb/v8-m.main+fp/hard/libc_nano.a(lib_a-assert.o) (_impure_ptr)
/usr/local/mcuxpressoide-11.3.0_5222/ide/plugins/com.nxp.mcuxpresso.tools.linux_11.3.0.202011031536/tools/bin/../lib/gcc/arm-none-eabi/9.3.1/../../../../arm-none-eabi/lib/thumb/v8-m.main+fp/hard/libc_nano.a(lib_a-malloc.o)
[...]
Memory Configuration

Name             Origin             Length             Attributes
PROGRAM_FLASH    0x0000000000000000 0x0000000000098000 xr
SRAM             0x0000000020000000 0x0000000000040000 xrw
SRAM4            0x0000000020040000 0x0000000000004000 xrw
SRAMX            0x0000000004000000 0x0000000000008000 xrw
USB_RAM          0x0000000040100000 0x0000000000004000 xrw
*default*        0x0000000000000000 0xffffffffffffffff

Linker script and memory map

LOAD ./utilities/fsl_debug_console.o
LOAD ./utilities/fsl_str.o
LOAD ./startup/boot_multicore_slave.o
LOAD ./startup/startup_lpc55s69_cm33_core0.o
LOAD ./startup/svc.o
LOAD ./source/main.o
LOAD ./source/oslib.o
LOAD ./source/semihost_hardfault.o
LOAD ./kernel/kernel.o
LOAD ./kernel/list.o
LOAD ./drivers/fsl_clock.o
LOAD ./drivers/fsl_common.o
LOAD ./drivers/fsl_flexcomm.o
LOAD ./drivers/fsl_gpio.o
LOAD ./drivers/fsl_i2c.o
LOAD ./drivers/fsl_inputmux.o
LOAD ./drivers/fsl_pint.o
LOAD ./drivers/fsl_reset.o
LOAD ./drivers/fsl_usart.o
LOAD ./device/system_LPC55S69_cm33_core0.o
LOAD ./device/target.o
LOAD ./device/termio.o
LOAD ./device/vfs.o
LOAD ./component/uart/fsl_adapter_usart.o
LOAD ./component/serial_manager/fsl_component_serial_manager.o
LOAD ./component/serial_manager/fsl_component_serial_port_uart.o
LOAD ./component/lists/fsl_component_generic_list.o
LOAD ./board/board.o
LOAD ./board/clock_config.o
LOAD ./board/peripherals.o
LOAD ./board/pin_mux.o
LOAD ./LPC55S69/drivers/fsl_power.o
LOAD /home/eric/dev/baremetal/nxp-lpc55s69-evk/labos-lpc55s69-evk/LPC55S69_OS.src/LPC55S69/mcuxpresso/libpower_hardabi.a
START GROUP
LOAD /usr/local/mcuxpressoide-11.3.0_5222/ide/plugins/com.nxp.mcuxpresso.tools.linux_11.3.0.202011031536/tools/bin/../lib/gcc/arm-none-eabi/9.3.1/thumb/v8-m.main+fp/hard/libgcc.a
LOAD /usr/local/mcuxpressoide-11.3.0_5222/ide/plugins/com.nxp.mcuxpresso.tools.linux_11.3.0.202011031536/tools/bin/../lib/gcc/arm-none-eabi/9.3.1/../../../../arm-none-eabi/lib/thumb/v8-m.main+fp/hard/libc_nano.a
LOAD /usr/local/mcuxpressoide-11.3.0_5222/ide/plugins/com.nxp.mcuxpresso.tools.linux_11.3.0.202011031536/tools/bin/../lib/gcc/arm-none-eabi/9.3.1/../../../../arm-none-eabi/lib/thumb/v8-m.main+fp/hard/libm.a
LOAD /usr/local/mcuxpressoide-11.3.0_5222/ide/plugins/com.nxp.mcuxpresso.tools.linux_11.3.0.202011031536/tools/bin/../lib/gcc/arm-none-eabi/9.3.1/../../../../arm-none-eabi/lib/thumb/v8-m.main+fp/hard/libcr_newlib_semihost.a
END GROUP
                0x0000000000000000                __base_PROGRAM_FLASH = 0x0
                0x0000000000000000                __base_Flash = 0x0
                0x0000000000098000                __top_PROGRAM_FLASH = 0x98000
                0x0000000000098000                __top_Flash = 0x98000
                0x0000000020000000                __base_SRAM = 0x20000000
                0x0000000020000000                __base_RAM = 0x20000000
                0x0000000020040000                __top_SRAM = 0x20040000
                0x0000000020040000                __top_RAM = 0x20040000
                0x0000000020040000                __base_SRAM4 = 0x20040000
                0x0000000020040000                __base_RAM2 = 0x20040000
                0x0000000020044000                __top_SRAM4 = 0x20044000
                0x0000000020044000                __top_RAM2 = 0x20044000
                0x0000000004000000                __base_SRAMX = 0x4000000
                0x0000000004000000                __base_RAM3 = 0x4000000
                0x0000000004008000                __top_SRAMX = 0x4008000
                0x0000000004008000                __top_RAM3 = 0x4008000
                0x0000000040100000                __base_USB_RAM = 0x40100000
                0x0000000040100000                __base_RAM4 = 0x40100000
                0x0000000040104000                __top_USB_RAM = 0x40104000
                0x0000000040104000                __top_RAM4 = 0x40104000

.text           0x0000000000000000     0x3c48
 FILL mask 0xff
                0x0000000000000000                __vectors_start__ = ABSOLUTE (.)
 *(SORT_BY_ALIGNMENT(.isr_vector))
 .isr_vector    0x0000000000000000      0x130 ./startup/startup_lpc55s69_cm33_core0.o
                0x0000000000000000                __Vectors
                0x0000000000000000                g_pfnVectors
                0x0000000000000130                . = ALIGN (0x4)
                0x0000000000000130                __section_table_start = .
                0x0000000000000130                __data_section_table = .
                0x0000000000000130        0x4 LONG 0x3c50 LOADADDR (.data)
                0x0000000000000134        0x4 LONG 0x20000000 ADDR (.data)
                0x0000000000000138        0x4 LONG 0x118 SIZEOF (.data)
                0x000000000000013c        0x4 LONG 0x3c50 LOADADDR (.data_RAM2)
                0x0000000000000140        0x4 LONG 0x20040000 ADDR (.data_RAM2)
                0x0000000000000144        0x4 LONG 0x0 SIZEOF (.data_RAM2)
                0x0000000000000148        0x4 LONG 0x3c50 LOADADDR (.data_RAM3)
                0x000000000000014c        0x4 LONG 0x4000000 ADDR (.data_RAM3)
                0x0000000000000150        0x4 LONG 0x0 SIZEOF (.data_RAM3)
                0x0000000000000154        0x4 LONG 0x3c50 LOADADDR (.data_RAM4)
                0x0000000000000158        0x4 LONG 0x40100000 ADDR (.data_RAM4)
                0x000000000000015c        0x4 LONG 0x0 SIZEOF (.data_RAM4)
                0x0000000000000160                __data_section_table_end = .
                0x0000000000000160                __bss_section_table = .
                0x0000000000000160        0x4 LONG 0x20000118 ADDR (.bss)
                0x0000000000000164        0x4 LONG 0x12c SIZEOF (.bss)
                0x0000000000000168        0x4 LONG 0x20040000 ADDR (.bss_RAM2)
                0x000000000000016c        0x4 LONG 0x0 SIZEOF (.bss_RAM2)
                0x0000000000000170        0x4 LONG 0x4000000 ADDR (.bss_RAM3)
                0x0000000000000174        0x4 LONG 0x0 SIZEOF (.bss_RAM3)
                0x0000000000000178        0x4 LONG 0x40100000 ADDR (.bss_RAM4)
                0x000000000000017c        0x4 LONG 0x0 SIZEOF (.bss_RAM4)
                0x0000000000000180                __bss_section_table_end = .
                0x0000000000000180                __section_table_end = .
 *(SORT_BY_ALIGNMENT(.after_vectors*))
 .after_vectors.reset
                0x0000000000000180       0x70 ./startup/startup_lpc55s69_cm33_core0.o
                0x0000000000000180                ResetISR
 .after_vectors.init_data
                0x00000000000001f0       0x1e ./startup/startup_lpc55s69_cm33_core0.o
                0x00000000000001f0                data_init
 .after_vectors.init_bss
                0x000000000000020e       0x12 ./startup/startup_lpc55s69_cm33_core0.o
                0x000000000000020e                bss_init
 .after_vectors
                0x0000000000000220       0x16 ./startup/startup_lpc55s69_cm33_core0.o
                0x0000000000000220                NMI_Handler
                0x0000000000000224                MemManage_Handler
                0x0000000000000226                BusFault_Handler
                0x0000000000000228                UsageFault_Handler
                0x000000000000022a                SecureFault_Handler
                0x000000000000022e                DebugMon_Handler
                0x0000000000000234                Reserved39_DriverIRQHandler
                0x0000000000000234                DMA0_DriverIRQHandler
                0x0000000000000234                Reserved42_DriverIRQHandler
                0x0000000000000234                SEC_VIO_DriverIRQHandler
                0x0000000000000234                Reserved56_DriverIRQHandler
                0x0000000000000234                CTIMER2_DriverIRQHandler
                0x0000000000000234                IntDefaultHandler
                0x0000000000000234                USB0_DriverIRQHandler
                0x0000000000000234                CASER_DriverIRQHandler
                0x0000000000000234                MRT0_DriverIRQHandler
                0x0000000000000234                UTICK0_DriverIRQHandler
                0x0000000000000234                Reserved41_DriverIRQHandler
                0x0000000000000234                CTIMER4_DriverIRQHandler
                0x0000000000000234                GINT1_DriverIRQHandler
                0x0000000000000234                Reserved55_DriverIRQHandler
                0x0000000000000234                HASHCRYPT_DriverIRQHandler
                0x0000000000000234                USB0_NEEDCLK_DriverIRQHandler
                0x0000000000000234                CTIMER0_DriverIRQHandler
                0x0000000000000234                CTIMER1_DriverIRQHandler
                0x0000000000000234                PQ_DriverIRQHandler
                0x0000000000000234                MAILBOX_DriverIRQHandler
                0x0000000000000234                CTIMER3_DriverIRQHandler
                0x0000000000000234                Reserved61_DriverIRQHandler
                0x0000000000000234                PUF_DriverIRQHandler
                0x0000000000000234                RTC_DriverIRQHandler
                0x0000000000000234                USB1_DriverIRQHandler
                0x0000000000000234                Reserved60_DriverIRQHandler
                0x0000000000000234                DMA1_DriverIRQHandler
                0x0000000000000234                ADC0_DriverIRQHandler
                0x0000000000000234                USB1_NEEDCLK_DriverIRQHandler
                0x0000000000000234                Reserved59_DriverIRQHandler
                0x0000000000000234                SDIO_DriverIRQHandler
                0x0000000000000234                GINT0_DriverIRQHandler
                0x0000000000000234                USB1_PHY_DriverIRQHandler
                0x0000000000000234                ACMP_DriverIRQHandler
                0x0000000000000234                Reserved57_DriverIRQHandler
                0x0000000000000234                Reserved46_DriverIRQHandler
                0x0000000000000234                WDT_BOD_DriverIRQHandler
                0x0000000000000234                SCT0_DriverIRQHandler
                0x0000000000000234                PLU_DriverIRQHandler
                0x0000000000000234                OS_EVENT_DriverIRQHandler
                0x0000000000000234                SEC_HYPERVISOR_CALL_DriverIRQHandler
 *(SORT_BY_ALIGNMENT(.text*))
 *fill*         0x0000000000000236        0x2 ff
 .text.__NVIC_SetPriority
                0x0000000000000238       0x54 ./startup/startup_lpc55s69_cm33_core0.o
 .text.PendSV_Handler
                0x000000000000028c       0x50 ./startup/svc.o
                0x000000000000028c                PendSV_Handler
 .text.main     0x00000000000002dc       0x1c ./source/main.o
                0x00000000000002dc                main
 .text.SysTick_Handler
                0x00000000000002f8       0x28 ./kernel/kernel.o
                0x00000000000002f8                SysTick_Handler
 .text.POWER_EnablePD
                0x0000000000000320       0x20 ./drivers/fsl_clock.o
 .text.POWER_DisablePD
                0x0000000000000340       0x20 ./drivers/fsl_clock.o
 .text.CLOCK_AttachClk
                0x0000000000000360       0x98 ./drivers/fsl_clock.o
                0x0000000000000360                CLOCK_AttachClk
 .text.CLOCK_SetClkDiv
                0x00000000000003f8       0x80 ./drivers/fsl_clock.o
                0x00000000000003f8                CLOCK_SetClkDiv
 .text.CLOCK_SetupFROClocking
                0x0000000000000478       0x80 ./drivers/fsl_clock.o
                0x0000000000000478                CLOCK_SetupFROClocking
 .text.CLOCK_SetFLASHAccessCyclesForFreq
                0x00000000000004f8      0x148 ./drivers/fsl_clock.o
                0x00000000000004f8                CLOCK_SetFLASHAccessCyclesForFreq
 .text.CLOCK_SetupExtClocking
                0x0000000000000640       0x50 ./drivers/fsl_clock.o
                0x0000000000000640                CLOCK_SetupExtClocking
 .text.CLOCK_GetFro1MFreq
                0x0000000000000690       0x28 ./drivers/fsl_clock.o
                0x0000000000000690                CLOCK_GetFro1MFreq
 .text.CLOCK_GetExtClkFreq
                0x00000000000006b8       0x2c ./drivers/fsl_clock.o
                0x00000000000006b8                CLOCK_GetExtClkFreq
 .text.CLOCK_GetOsc32KFreq
                0x00000000000006e4       0x58 ./drivers/fsl_clock.o
                0x00000000000006e4                CLOCK_GetOsc32KFreq
 .text.CLOCK_GetPLL0InClockRate
                0x000000000000073c       0x64 ./drivers/fsl_clock.o
                0x000000000000073c                CLOCK_GetPLL0InClockRate
 .text.CLOCK_SetPLL0Freq
                0x00000000000007a0      0x12c ./drivers/fsl_clock.o
                0x00000000000007a0                CLOCK_SetPLL0Freq
 .text.SDK_DelayAtLeastUs
                0x00000000000008cc       0xa8 ./drivers/fsl_common.o
                0x00000000000008cc                SDK_DelayAtLeastUs
 .text.FLEXCOMM0_DriverIRQHandler
                0x0000000000000974       0x44 ./drivers/fsl_flexcomm.o
                0x0000000000000974                FLEXCOMM0_DriverIRQHandler
 .text.FLEXCOMM1_DriverIRQHandler
                0x00000000000009b8       0x44 ./drivers/fsl_flexcomm.o
                0x00000000000009b8                FLEXCOMM1_DriverIRQHandler
 .text.FLEXCOMM2_DriverIRQHandler
                0x00000000000009fc       0x44 ./drivers/fsl_flexcomm.o
                0x00000000000009fc                FLEXCOMM2_DriverIRQHandler
 .text.FLEXCOMM3_DriverIRQHandler
                0x0000000000000a40       0x44 ./drivers/fsl_flexcomm.o
                0x0000000000000a40                FLEXCOMM3_DriverIRQHandler
 .text.FLEXCOMM4_DriverIRQHandler
                0x0000000000000a84       0x44 ./drivers/fsl_flexcomm.o
                0x0000000000000a84                FLEXCOMM4_DriverIRQHandler
 .text.FLEXCOMM5_DriverIRQHandler
                0x0000000000000ac8       0x44 ./drivers/fsl_flexcomm.o
                0x0000000000000ac8                FLEXCOMM5_DriverIRQHandler
 .text.FLEXCOMM6_DriverIRQHandler
                0x0000000000000b0c       0x44 ./drivers/fsl_flexcomm.o
                0x0000000000000b0c                FLEXCOMM6_DriverIRQHandler
 .text.FLEXCOMM7_DriverIRQHandler
                0x0000000000000b50       0x44 ./drivers/fsl_flexcomm.o
                0x0000000000000b50                FLEXCOMM7_DriverIRQHandler
 .text.FLEXCOMM8_DriverIRQHandler
                0x0000000000000b94       0x48 ./drivers/fsl_flexcomm.o
                0x0000000000000b94                FLEXCOMM8_DriverIRQHandler
 .text.GPIO_EnablePortClock
                0x0000000000000bdc       0x44 ./drivers/fsl_gpio.o
 .text.GPIO_PortInit
                0x0000000000000c20       0x2c ./drivers/fsl_gpio.o
                0x0000000000000c20                GPIO_PortInit
 .text.__NVIC_EnableIRQ
                0x0000000000000c4c       0x3c ./drivers/fsl_pint.o
 .text.__NVIC_ClearPendingIRQ
                0x0000000000000c88       0x3c ./drivers/fsl_pint.o
 .text.PINT_Init
                0x0000000000000cc4       0xe0 ./drivers/fsl_pint.o
                0x0000000000000cc4                PINT_Init
 .text.PINT_PinInterruptConfig
                0x0000000000000da4       0xe0 ./drivers/fsl_pint.o
                0x0000000000000da4                PINT_PinInterruptConfig
 .text.PINT_EnableCallbackByIndex
                0x0000000000000e84       0x6c ./drivers/fsl_pint.o
                0x0000000000000e84                PINT_EnableCallbackByIndex
 .text.SEC_GPIO_INT0_IRQ0_DriverIRQHandler
                0x0000000000000ef0       0x48 ./drivers/fsl_pint.o
                0x0000000000000ef0                SEC_GPIO_INT0_IRQ0_DriverIRQHandler
 .text.SEC_GPIO_INT0_IRQ1_DriverIRQHandler
                0x0000000000000f38       0x44 ./drivers/fsl_pint.o
                0x0000000000000f38                SEC_GPIO_INT0_IRQ1_DriverIRQHandler
 .text.PIN_INT0_DriverIRQHandler
                0x0000000000000f7c       0x48 ./drivers/fsl_pint.o
                0x0000000000000f7c                PIN_INT0_DriverIRQHandler
 .text.PIN_INT1_DriverIRQHandler
                0x0000000000000fc4       0x48 ./drivers/fsl_pint.o
                0x0000000000000fc4                PIN_INT1_DriverIRQHandler
 .text.PIN_INT2_DriverIRQHandler
                0x000000000000100c       0x48 ./drivers/fsl_pint.o
                0x000000000000100c                PIN_INT2_DriverIRQHandler
 .text.PIN_INT3_DriverIRQHandler
                0x0000000000001054       0x48 ./drivers/fsl_pint.o
                0x0000000000001054                PIN_INT3_DriverIRQHandler
 .text.PIN_INT4_DriverIRQHandler
                0x000000000000109c       0x48 ./drivers/fsl_pint.o
                0x000000000000109c                PIN_INT4_DriverIRQHandler
 .text.PIN_INT5_DriverIRQHandler
                0x00000000000010e4       0x48 ./drivers/fsl_pint.o
                0x00000000000010e4                PIN_INT5_DriverIRQHandler
 .text.PIN_INT6_DriverIRQHandler
                0x000000000000112c       0x48 ./drivers/fsl_pint.o
                0x000000000000112c                PIN_INT6_DriverIRQHandler
 .text.PIN_INT7_DriverIRQHandler
                0x0000000000001174       0x48 ./drivers/fsl_pint.o
                0x0000000000001174                PIN_INT7_DriverIRQHandler
 .text.RESET_SetPeripheralReset
                0x00000000000011bc       0x6c ./drivers/fsl_reset.o
                0x00000000000011bc                RESET_SetPeripheralReset
 .text.RESET_ClearPeripheralReset
                0x0000000000001228       0x6c ./drivers/fsl_reset.o
                0x0000000000001228                RESET_ClearPeripheralReset
 .text.SystemInit
                0x0000000000001294       0x64 ./device/system_LPC55S69_cm33_core0.o
                0x0000000000001294                SystemInit
 .text.__NVIC_SetPriority
                0x00000000000012f8       0x54 ./device/target.o
 .text.dev_read_test
                0x000000000000134c       0x84 ./device/target.o
 .text.leds     0x00000000000013d0       0x64 ./device/target.o
 .text.dev_init_leds
                0x0000000000001434       0x58 ./device/target.o
 .text.dev_init_btn
                0x000000000000148c       0x5c ./device/target.o
 .text.dev_init
                0x00000000000014e8       0x74 ./device/target.o
                0x00000000000014e8                dev_init
 .text.BOARD_InitDebugConsole
                0x000000000000155c       0x38 ./board/board.o
                0x000000000000155c                BOARD_InitDebugConsole
 .text.POWER_DisablePD
                0x0000000000001594       0x20 ./board/clock_config.o
 .text.BOARD_BootClockPLL100M
                0x00000000000015b4       0xec ./board/clock_config.o
                0x00000000000015b4                BOARD_BootClockPLL100M
 .text.BOARD_InitPins
                0x00000000000016a0       0xbc ./board/pin_mux.o
                0x00000000000016a0                BOARD_InitPins
 .text.lowpower_set_system_voltage
                0x000000000000175c       0xa0 /home/eric/dev/baremetal/nxp-lpc55s69-evk/labos-lpc55s69-evk/LPC55S69_OS.src/LPC55S69/mcuxpresso/libpower_hardabi.a(fsl_power_lib.o)
 .text.lowpower_set_voltage_for_process
                0x00000000000017fc       0x84 /home/eric/dev/baremetal/nxp-lpc55s69-evk/labos-lpc55s69-evk/LPC55S69_OS.src/LPC55S69/mcuxpresso/libpower_hardabi.a(fsl_power_lib.o)
 .text.POWER_SetVoltageForFreq
                0x0000000000001880       0x84 /home/eric/dev/baremetal/nxp-lpc55s69-evk/labos-lpc55s69-evk/LPC55S69_OS.src/LPC55S69/mcuxpresso/libpower_hardabi.a(fsl_power_lib.o)
                0x0000000000001880                POWER_SetVoltageForFreq
 .text          0x0000000000001904       0x30 /usr/local/mcuxpressoide-11.3.0_5222/ide/plugins/com.nxp.mcuxpresso.tools.linux_11.3.0.202011031536/tools/bin/../lib/gcc/arm-none-eabi/9.3.1/thumb/v8-m.main+fp/hard/libgcc.a(_aeabi_uldivmod.o)
                0x0000000000001904                __aeabi_uldivmod
 .text          0x0000000000001934      0x2e8 /usr/local/mcuxpressoide-11.3.0_5222/ide/plugins/com.nxp.mcuxpresso.tools.linux_11.3.0.202011031536/tools/bin/../lib/gcc/arm-none-eabi/9.3.1/thumb/v8-m.main+fp/hard/libgcc.a(_udivmoddi4.o)
                0x0000000000001934                __udivmoddi4
 .text          0x0000000000001c1c        0x4 /usr/local/mcuxpressoide-11.3.0_5222/ide/plugins/com.nxp.mcuxpresso.tools.linux_11.3.0.202011031536/tools/bin/../lib/gcc/arm-none-eabi/9.3.1/thumb/v8-m.main+fp/hard/libgcc.a(_dvmd_tls.o)
                0x0000000000001c1c                __aeabi_ldiv0
                0x0000000000001c1c                __aeabi_idiv0
 .text.__assert_func
                0x0000000000001c20       0x3c /usr/local/mcuxpressoide-11.3.0_5222/ide/plugins/com.nxp.mcuxpresso.tools.linux_11.3.0.202011031536/tools/bin/../lib/gcc/arm-none-eabi/9.3.1/../../../../arm-none-eabi/lib/thumb/v8-m.main+fp/hard/libc_nano.a(lib_a-assert.o)
                0x0000000000001c20                __assert_func
 .text.__errno  0x0000000000001c5c        0xc /usr/local/mcuxpressoide-11.3.0_5222/ide/plugins/com.nxp.mcuxpresso.tools.linux_11.3.0.202011031536/tools/bin/../lib/gcc/arm-none-eabi/9.3.1/../../../../arm-none-eabi/lib/thumb/v8-m.main+fp/hard/libc_nano.a(lib_a-errno.o)
                0x0000000000001c5c                __errno
 .text.fprintf  0x0000000000001c68       0x24 /usr/local/mcuxpressoide-11.3.0_5222/ide/plugins/com.nxp.mcuxpresso.tools.linux_11.3.0.202011031536/tools/bin/../lib/gcc/arm-none-eabi/9.3.1/../../../../arm-none-eabi/lib/thumb/v8-m.main+fp/hard/libc_nano.a(lib_a-fprintf.o)
                0x0000000000001c68                fprintf
                0x0000000000001c68                fiprintf
 .text._free_r  0x0000000000001c8c       0xa0 /usr/local/mcuxpressoide-11.3.0_5222/ide/plugins/com.nxp.mcuxpresso.tools.linux_11.3.0.202011031536/tools/bin/../lib/gcc/arm-none-eabi/9.3.1/../../../../arm-none-eabi/lib/thumb/v8-m.main+fp/hard/libc_nano.a(lib_a-nano-freer.o)
                0x0000000000001c8c                _free_r
 .text._malloc_r
                0x0000000000001d2c       0xb4 /usr/local/mcuxpressoide-11.3.0_5222/ide/plugins/com.nxp.mcuxpresso.tools.linux_11.3.0.202011031536/tools/bin/../lib/gcc/arm-none-eabi/9.3.1/../../../../arm-none-eabi/lib/thumb/v8-m.main+fp/hard/libc_nano.a(lib_a-nano-mallocr.o)
                0x0000000000001d2c                _malloc_r
 .text._vfprintf_r
                0x0000000000001de0      0x260 /usr/local/mcuxpressoide-11.3.0_5222/ide/plugins/com.nxp.mcuxpresso.tools.linux_11.3.0.202011031536/tools/bin/../lib/gcc/arm-none-eabi/9.3.1/../../../../arm-none-eabi/lib/thumb/v8-m.main+fp/hard/libc_nano.a(lib_a-nano-vfprintf.o)
                0x0000000000001de0                _vfiprintf_r
                0x0000000000001de0                _vfprintf_r
 .text._printf_i
                0x0000000000002040      0x24c /usr/local/mcuxpressoide-11.3.0_5222/ide/plugins/com.nxp.mcuxpresso.tools.linux_11.3.0.202011031536/tools/bin/../lib/gcc/arm-none-eabi/9.3.1/../../../../arm-none-eabi/lib/thumb/v8-m.main+fp/hard/libc_nano.a(lib_a-nano-vfprintf_i.o)
                0x0000000000002040                _printf_i
 .text._sbrk_r  0x000000000000228c       0x20 /usr/local/mcuxpressoide-11.3.0_5222/ide/plugins/com.nxp.mcuxpresso.tools.linux_11.3.0.202011031536/tools/bin/../lib/gcc/arm-none-eabi/9.3.1/../../../../arm-none-eabi/lib/thumb/v8-m.main+fp/hard/libc_nano.a(lib_a-sbrkr.o)
                0x000000000000228c                _sbrk_r
 .text.__swbuf_r
                0x00000000000022ac       0xa4 /usr/local/mcuxpressoide-11.3.0_5222/ide/plugins/com.nxp.mcuxpresso.tools.linux_11.3.0.202011031536/tools/bin/../lib/gcc/arm-none-eabi/9.3.1/../../../../arm-none-eabi/lib/thumb/v8-m.main+fp/hard/libc_nano.a(lib_a-wbuf.o)
                0x00000000000022ac                __swbuf_r
 .text.__swsetup_r
                0x0000000000002350       0xdc /usr/local/mcuxpressoide-11.3.0_5222/ide/plugins/com.nxp.mcuxpresso.tools.linux_11.3.0.202011031536/tools/bin/../lib/gcc/arm-none-eabi/9.3.1/../../../../arm-none-eabi/lib/thumb/v8-m.main+fp/hard/libc_nano.a(lib_a-wsetup.o)
                0x0000000000002350                __swsetup_r
 .text.__sflush_r
                0x000000000000242c      0x108 /usr/local/mcuxpressoide-11.3.0_5222/ide/plugins/com.nxp.mcuxpresso.tools.linux_11.3.0.202011031536/tools/bin/../lib/gcc/arm-none-eabi/9.3.1/../../../../arm-none-eabi/lib/thumb/v8-m.main+fp/hard/libc_nano.a(lib_a-fflush.o)
                0x000000000000242c                __sflush_r
 .text._fflush_r
                0x0000000000002534       0x78 /usr/local/mcuxpressoide-11.3.0_5222/ide/plugins/com.nxp.mcuxpresso.tools.linux_11.3.0.202011031536/tools/bin/../lib/gcc/arm-none-eabi/9.3.1/../../../../arm-none-eabi/lib/thumb/v8-m.main+fp/hard/libc_nano.a(lib_a-fflush.o)
                0x0000000000002534                _fflush_r
 .text.std      0x00000000000025ac       0x48 /usr/local/mcuxpressoide-11.3.0_5222/ide/plugins/com.nxp.mcuxpresso.tools.linux_11.3.0.202011031536/tools/bin/../lib/gcc/arm-none-eabi/9.3.1/../../../../arm-none-eabi/lib/thumb/v8-m.main+fp/hard/libc_nano.a(lib_a-findfp.o)
 .text._cleanup_r
                0x00000000000025f4        0xc /usr/local/mcuxpressoide-11.3.0_5222/ide/plugins/com.nxp.mcuxpresso.tools.linux_11.3.0.202011031536/tools/bin/../lib/gcc/arm-none-eabi/9.3.1/../../../../arm-none-eabi/lib/thumb/v8-m.main+fp/hard/libc_nano.a(lib_a-findfp.o)
                0x00000000000025f4                _cleanup_r
 .text.__sfp_lock_acquire
                0x0000000000002600        0xc /usr/local/mcuxpressoide-11.3.0_5222/ide/plugins/com.nxp.mcuxpresso.tools.linux_11.3.0.202011031536/tools/bin/../lib/gcc/arm-none-eabi/9.3.1/../../../../arm-none-eabi/lib/thumb/v8-m.main+fp/hard/libc_nano.a(lib_a-findfp.o)
                0x0000000000002600                __sfp_lock_acquire
 .text.__sfp_lock_release
                0x000000000000260c        0xc /usr/local/mcuxpressoide-11.3.0_5222/ide/plugins/com.nxp.mcuxpresso.tools.linux_11.3.0.202011031536/tools/bin/../lib/gcc/arm-none-eabi/9.3.1/../../../../arm-none-eabi/lib/thumb/v8-m.main+fp/hard/libc_nano.a(lib_a-findfp.o)
                0x000000000000260c                __sfp_lock_release
 .text.__sinit_lock_acquire
                0x0000000000002618        0xc /usr/local/mcuxpressoide-11.3.0_5222/ide/plugins/com.nxp.mcuxpresso.tools.linux_11.3.0.202011031536/tools/bin/../lib/gcc/arm-none-eabi/9.3.1/../../../../arm-none-eabi/lib/thumb/v8-m.main+fp/hard/libc_nano.a(lib_a-findfp.o)
                0x0000000000002618                __sinit_lock_acquire
 .text.__sinit_lock_release
                0x0000000000002624        0xc /usr/local/mcuxpressoide-11.3.0_5222/ide/plugins/com.nxp.mcuxpresso.tools.linux_11.3.0.202011031536/tools/bin/../lib/gcc/arm-none-eabi/9.3.1/../../../../arm-none-eabi/lib/thumb/v8-m.main+fp/hard/libc_nano.a(lib_a-findfp.o)
                0x0000000000002624                __sinit_lock_release
 .text.__sinit  0x0000000000002630       0x70 /usr/local/mcuxpressoide-11.3.0_5222/ide/plugins/com.nxp.mcuxpresso.tools.linux_11.3.0.202011031536/tools/bin/../lib/gcc/arm-none-eabi/9.3.1/../../../../arm-none-eabi/lib/thumb/v8-m.main+fp/hard/libc_nano.a(lib_a-findfp.o)
                0x0000000000002630                __sinit
 .text.__sfp    0x00000000000026a0       0x8c /usr/local/mcuxpressoide-11.3.0_5222/ide/plugins/com.nxp.mcuxpresso.tools.linux_11.3.0.202011031536/tools/bin/../lib/gcc/arm-none-eabi/9.3.1/../../../../arm-none-eabi/lib/thumb/v8-m.main+fp/hard/libc_nano.a(lib_a-findfp.o)
                0x00000000000026a0                __sfp
 .text.__smakebuf_r
                0x000000000000272c       0x80 /usr/local/mcuxpressoide-11.3.0_5222/ide/plugins/com.nxp.mcuxpresso.tools.linux_11.3.0.202011031536/tools/bin/../lib/gcc/arm-none-eabi/9.3.1/../../../../arm-none-eabi/lib/thumb/v8-m.main+fp/hard/libc_nano.a(lib_a-makebuf.o)
                0x000000000000272c                __smakebuf_r
 .text.__malloc_lock
                0x00000000000027ac        0xc /usr/local/mcuxpressoide-11.3.0_5222/ide/plugins/com.nxp.mcuxpresso.tools.linux_11.3.0.202011031536/tools/bin/../lib/gcc/arm-none-eabi/9.3.1/../../../../arm-none-eabi/lib/thumb/v8-m.main+fp/hard/libc_nano.a(lib_a-mlock.o)
                0x00000000000027ac                __malloc_lock
 .text.__malloc_unlock
                0x00000000000027b8        0xc /usr/local/mcuxpressoide-11.3.0_5222/ide/plugins/com.nxp.mcuxpresso.tools.linux_11.3.0.202011031536/tools/bin/../lib/gcc/arm-none-eabi/9.3.1/../../../../arm-none-eabi/lib/thumb/v8-m.main+fp/hard/libc_nano.a(lib_a-mlock.o)
                0x00000000000027b8                __malloc_unlock
 .text.raise    0x00000000000027c4       0x10 /usr/local/mcuxpressoide-11.3.0_5222/ide/plugins/com.nxp.mcuxpresso.tools.linux_11.3.0.202011031536/tools/bin/../lib/gcc/arm-none-eabi/9.3.1/../../../../arm-none-eabi/lib/thumb/v8-m.main+fp/hard/libc_nano.a(lib_a-signal.o)
                0x00000000000027c4                raise
 .text._kill_r  0x00000000000027d4       0x24 /usr/local/mcuxpressoide-11.3.0_5222/ide/plugins/com.nxp.mcuxpresso.tools.linux_11.3.0.202011031536/tools/bin/../lib/gcc/arm-none-eabi/9.3.1/../../../../arm-none-eabi/lib/thumb/v8-m.main+fp/hard/libc_nano.a(lib_a-signalr.o)
                0x00000000000027d4                _kill_r
 .text._write_r
                0x00000000000027f8       0x24 /usr/local/mcuxpressoide-11.3.0_5222/ide/plugins/com.nxp.mcuxpresso.tools.linux_11.3.0.202011031536/tools/bin/../lib/gcc/arm-none-eabi/9.3.1/../../../../arm-none-eabi/lib/thumb/v8-m.main+fp/hard/libc_nano.a(lib_a-writer.o)
                0x00000000000027f8                _write_r
 .text._close_r
                0x000000000000281c       0x20 /usr/local/mcuxpressoide-11.3.0_5222/ide/plugins/com.nxp.mcuxpresso.tools.linux_11.3.0.202011031536/tools/bin/../lib/gcc/arm-none-eabi/9.3.1/../../../../arm-none-eabi/lib/thumb/v8-m.main+fp/hard/libc_nano.a(lib_a-closer.o)
                0x000000000000281c                _close_r
 .text._fstat_r
                0x000000000000283c       0x24 /usr/local/mcuxpressoide-11.3.0_5222/ide/plugins/com.nxp.mcuxpresso.tools.linux_11.3.0.202011031536/tools/bin/../lib/gcc/arm-none-eabi/9.3.1/../../../../arm-none-eabi/lib/thumb/v8-m.main+fp/hard/libc_nano.a(lib_a-fstatr.o)
                0x000000000000283c                _fstat_r
 .text._isatty_r
                0x0000000000002860       0x20 /usr/local/mcuxpressoide-11.3.0_5222/ide/plugins/com.nxp.mcuxpresso.tools.linux_11.3.0.202011031536/tools/bin/../lib/gcc/arm-none-eabi/9.3.1/../../../../arm-none-eabi/lib/thumb/v8-m.main+fp/hard/libc_nano.a(lib_a-isattyr.o)
                0x0000000000002860                _isatty_r
 .text._lseek_r
                0x0000000000002880       0x24 /usr/local/mcuxpressoide-11.3.0_5222/ide/plugins/com.nxp.mcuxpresso.tools.linux_11.3.0.202011031536/tools/bin/../lib/gcc/arm-none-eabi/9.3.1/../../../../arm-none-eabi/lib/thumb/v8-m.main+fp/hard/libc_nano.a(lib_a-lseekr.o)
                0x0000000000002880                _lseek_r
 .text._read_r  0x00000000000028a4       0x24 /usr/local/mcuxpressoide-11.3.0_5222/ide/plugins/com.nxp.mcuxpresso.tools.linux_11.3.0.202011031536/tools/bin/../lib/gcc/arm-none-eabi/9.3.1/../../../../arm-none-eabi/lib/thumb/v8-m.main+fp/hard/libc_nano.a(lib_a-readr.o)
                0x00000000000028a4                _read_r
 .text._sbrk    0x00000000000028c8       0x3c /usr/local/mcuxpressoide-11.3.0_5222/ide/plugins/com.nxp.mcuxpresso.tools.linux_11.3.0.202011031536/tools/bin/../lib/gcc/arm-none-eabi/9.3.1/../../../../arm-none-eabi/lib/thumb/v8-m.main+fp/hard/libcr_newlib_semihost.a(_cr_sbrk.o)
                0x00000000000028c8                _sbrk
 .text._kill    0x0000000000002904       0x20 /usr/local/mcuxpressoide-11.3.0_5222/ide/plugins/com.nxp.mcuxpresso.tools.linux_11.3.0.202011031536/tools/bin/../lib/gcc/arm-none-eabi/9.3.1/../../../../arm-none-eabi/lib/thumb/v8-m.main+fp/hard/libcr_newlib_semihost.a(_kill.o)
                0x0000000000002904                _kill
 .text.initialise_monitor_handles
                0x0000000000002924       0xac /usr/local/mcuxpressoide-11.3.0_5222/ide/plugins/com.nxp.mcuxpresso.tools.linux_11.3.0.202011031536/tools/bin/../lib/gcc/arm-none-eabi/9.3.1/../../../../arm-none-eabi/lib/thumb/v8-m.main+fp/hard/libcr_newlib_semihost.a(syscalls.o)
 .text.findslot
                0x00000000000029d0       0x24 /usr/local/mcuxpressoide-11.3.0_5222/ide/plugins/com.nxp.mcuxpresso.tools.linux_11.3.0.202011031536/tools/bin/../lib/gcc/arm-none-eabi/9.3.1/../../../../arm-none-eabi/lib/thumb/v8-m.main+fp/hard/libcr_newlib_semihost.a(syscalls.o)
 .text._close   0x00000000000029f4       0x4c /usr/local/mcuxpressoide-11.3.0_5222/ide/plugins/com.nxp.mcuxpresso.tools.linux_11.3.0.202011031536/tools/bin/../lib/gcc/arm-none-eabi/9.3.1/../../../../arm-none-eabi/lib/thumb/v8-m.main+fp/hard/libcr_newlib_semihost.a(syscalls.o)
                0x00000000000029f4                _close
 .text.__check_heap_overflow
                0x0000000000002a40       0x18 /usr/local/mcuxpressoide-11.3.0_5222/ide/plugins/com.nxp.mcuxpresso.tools.linux_11.3.0.202011031536/tools/bin/../lib/gcc/arm-none-eabi/9.3.1/../../../../arm-none-eabi/lib/thumb/v8-m.main+fp/hard/libcr_newlib_semihost.a(_cr_check_heap.o)
                0x0000000000002a40                __check_heap_overflow
 .text.WDT_BOD_IRQHandler
                0x0000000000002a58        0x8 ./startup/startup_lpc55s69_cm33_core0.o
                0x0000000000002a58                WDT_BOD_IRQHandler
 .text.DMA0_IRQHandler
                0x0000000000002a60        0x8 ./startup/startup_lpc55s69_cm33_core0.o
                0x0000000000002a60                DMA0_IRQHandler
 .text.GINT0_IRQHandler
                0x0000000000002a68        0x8 ./startup/startup_lpc55s69_cm33_core0.o
                0x0000000000002a68                GINT0_IRQHandler
 .text.GINT1_IRQHandler
                0x0000000000002a70        0x8 ./startup/startup_lpc55s69_cm33_core0.o
                0x0000000000002a70                GINT1_IRQHandler
 .text.PIN_INT0_IRQHandler
                0x0000000000002a78        0x8 ./startup/startup_lpc55s69_cm33_core0.o
                0x0000000000002a78                PIN_INT0_IRQHandler
 .text.PIN_INT1_IRQHandler
                0x0000000000002a80        0x8 ./startup/startup_lpc55s69_cm33_core0.o
                0x0000000000002a80                PIN_INT1_IRQHandler
 .text.PIN_INT2_IRQHandler
                0x0000000000002a88        0x8 ./startup/startup_lpc55s69_cm33_core0.o
                0x0000000000002a88                PIN_INT2_IRQHandler
 .text.PIN_INT3_IRQHandler
                0x0000000000002a90        0x8 ./startup/startup_lpc55s69_cm33_core0.o
                0x0000000000002a90                PIN_INT3_IRQHandler
 .text.UTICK0_IRQHandler
                0x0000000000002a98        0x8 ./startup/startup_lpc55s69_cm33_core0.o
                0x0000000000002a98                UTICK0_IRQHandler
 .text.MRT0_IRQHandler
                0x0000000000002aa0        0x8 ./startup/startup_lpc55s69_cm33_core0.o
                0x0000000000002aa0                MRT0_IRQHandler
 .text.CTIMER0_IRQHandler
                0x0000000000002aa8        0x8 ./startup/startup_lpc55s69_cm33_core0.o
                0x0000000000002aa8                CTIMER0_IRQHandler
 .text.CTIMER1_IRQHandler
                0x0000000000002ab0        0x8 ./startup/startup_lpc55s69_cm33_core0.o
                0x0000000000002ab0                CTIMER1_IRQHandler
 .text.SCT0_IRQHandler
                0x0000000000002ab8        0x8 ./startup/startup_lpc55s69_cm33_core0.o
                0x0000000000002ab8                SCT0_IRQHandler
 .text.CTIMER3_IRQHandler
                0x0000000000002ac0        0x8 ./startup/startup_lpc55s69_cm33_core0.o
                0x0000000000002ac0                CTIMER3_IRQHandler
 .text.FLEXCOMM0_IRQHandler
                0x0000000000002ac8        0x8 ./startup/startup_lpc55s69_cm33_core0.o
                0x0000000000002ac8                FLEXCOMM0_IRQHandler
 .text.FLEXCOMM1_IRQHandler
                0x0000000000002ad0        0x8 ./startup/startup_lpc55s69_cm33_core0.o
                0x0000000000002ad0                FLEXCOMM1_IRQHandler
 .text.FLEXCOMM2_IRQHandler
                0x0000000000002ad8        0x8 ./startup/startup_lpc55s69_cm33_core0.o
                0x0000000000002ad8                FLEXCOMM2_IRQHandler
 .text.FLEXCOMM3_IRQHandler
                0x0000000000002ae0        0x8 ./startup/startup_lpc55s69_cm33_core0.o
                0x0000000000002ae0                FLEXCOMM3_IRQHandler
 .text.FLEXCOMM4_IRQHandler
                0x0000000000002ae8        0x8 ./startup/startup_lpc55s69_cm33_core0.o
                0x0000000000002ae8                FLEXCOMM4_IRQHandler
 .text.FLEXCOMM5_IRQHandler
                0x0000000000002af0        0x8 ./startup/startup_lpc55s69_cm33_core0.o
                0x0000000000002af0                FLEXCOMM5_IRQHandler
 .text.FLEXCOMM6_IRQHandler
                0x0000000000002af8        0x8 ./startup/startup_lpc55s69_cm33_core0.o
                0x0000000000002af8                FLEXCOMM6_IRQHandler
 .text.FLEXCOMM7_IRQHandler
                0x0000000000002b00        0x8 ./startup/startup_lpc55s69_cm33_core0.o
                0x0000000000002b00                FLEXCOMM7_IRQHandler
 .text.ADC0_IRQHandler
                0x0000000000002b08        0x8 ./startup/startup_lpc55s69_cm33_core0.o
                0x0000000000002b08                ADC0_IRQHandler
 .text.Reserved39_IRQHandler
                0x0000000000002b10        0x8 ./startup/startup_lpc55s69_cm33_core0.o
                0x0000000000002b10                Reserved39_IRQHandler
 .text.ACMP_IRQHandler
                0x0000000000002b18        0x8 ./startup/startup_lpc55s69_cm33_core0.o
                0x0000000000002b18                ACMP_IRQHandler
 .text.Reserved41_IRQHandler
                0x0000000000002b20        0x8 ./startup/startup_lpc55s69_cm33_core0.o
                0x0000000000002b20                Reserved41_IRQHandler
 .text.Reserved42_IRQHandler
                0x0000000000002b28        0x8 ./startup/startup_lpc55s69_cm33_core0.o
                0x0000000000002b28                Reserved42_IRQHandler
 .text.USB0_NEEDCLK_IRQHandler
                0x0000000000002b30        0x8 ./startup/startup_lpc55s69_cm33_core0.o
                0x0000000000002b30                USB0_NEEDCLK_IRQHandler
 .text.USB0_IRQHandler
                0x0000000000002b38        0x8 ./startup/startup_lpc55s69_cm33_core0.o
                0x0000000000002b38                USB0_IRQHandler
 .text.RTC_IRQHandler
                0x0000000000002b40        0x8 ./startup/startup_lpc55s69_cm33_core0.o
                0x0000000000002b40                RTC_IRQHandler
 .text.Reserved46_IRQHandler
                0x0000000000002b48        0x8 ./startup/startup_lpc55s69_cm33_core0.o
                0x0000000000002b48                Reserved46_IRQHandler
 .text.MAILBOX_IRQHandler
                0x0000000000002b50        0x8 ./startup/startup_lpc55s69_cm33_core0.o
                0x0000000000002b50                MAILBOX_IRQHandler
 .text.PIN_INT4_IRQHandler
                0x0000000000002b58        0x8 ./startup/startup_lpc55s69_cm33_core0.o
                0x0000000000002b58                PIN_INT4_IRQHandler
 .text.PIN_INT5_IRQHandler
                0x0000000000002b60        0x8 ./startup/startup_lpc55s69_cm33_core0.o
                0x0000000000002b60                PIN_INT5_IRQHandler
 .text.PIN_INT6_IRQHandler
                0x0000000000002b68        0x8 ./startup/startup_lpc55s69_cm33_core0.o
                0x0000000000002b68                PIN_INT6_IRQHandler
 .text.PIN_INT7_IRQHandler
                0x0000000000002b70        0x8 ./startup/startup_lpc55s69_cm33_core0.o
                0x0000000000002b70                PIN_INT7_IRQHandler
 .text.CTIMER2_IRQHandler
                0x0000000000002b78        0x8 ./startup/startup_lpc55s69_cm33_core0.o
                0x0000000000002b78                CTIMER2_IRQHandler
 .text.CTIMER4_IRQHandler
                0x0000000000002b80        0x8 ./startup/startup_lpc55s69_cm33_core0.o
                0x0000000000002b80                CTIMER4_IRQHandler
 .text.OS_EVENT_IRQHandler
                0x0000000000002b88        0x8 ./startup/startup_lpc55s69_cm33_core0.o
                0x0000000000002b88                OS_EVENT_IRQHandler
 .text.Reserved55_IRQHandler
                0x0000000000002b90        0x8 ./startup/startup_lpc55s69_cm33_core0.o
                0x0000000000002b90                Reserved55_IRQHandler
 .text.Reserved56_IRQHandler
                0x0000000000002b98        0x8 ./startup/startup_lpc55s69_cm33_core0.o
                0x0000000000002b98                Reserved56_IRQHandler
 .text.Reserved57_IRQHandler
                0x0000000000002ba0        0x8 ./startup/startup_lpc55s69_cm33_core0.o
                0x0000000000002ba0                Reserved57_IRQHandler
 .text.SDIO_IRQHandler
                0x0000000000002ba8        0x8 ./startup/startup_lpc55s69_cm33_core0.o
                0x0000000000002ba8                SDIO_IRQHandler
 .text.Reserved59_IRQHandler
                0x0000000000002bb0        0x8 ./startup/startup_lpc55s69_cm33_core0.o
                0x0000000000002bb0                Reserved59_IRQHandler
 .text.Reserved60_IRQHandler
                0x0000000000002bb8        0x8 ./startup/startup_lpc55s69_cm33_core0.o
                0x0000000000002bb8                Reserved60_IRQHandler
 .text.Reserved61_IRQHandler
                0x0000000000002bc0        0x8 ./startup/startup_lpc55s69_cm33_core0.o
                0x0000000000002bc0                Reserved61_IRQHandler
 .text.USB1_PHY_IRQHandler
                0x0000000000002bc8        0x8 ./startup/startup_lpc55s69_cm33_core0.o
                0x0000000000002bc8                USB1_PHY_IRQHandler
 .text.USB1_IRQHandler
                0x0000000000002bd0        0x8 ./startup/startup_lpc55s69_cm33_core0.o
                0x0000000000002bd0                USB1_IRQHandler
 .text.USB1_NEEDCLK_IRQHandler
                0x0000000000002bd8        0x8 ./startup/startup_lpc55s69_cm33_core0.o
                0x0000000000002bd8                USB1_NEEDCLK_IRQHandler
 .text.SEC_HYPERVISOR_CALL_IRQHandler
                0x0000000000002be0        0x8 ./startup/startup_lpc55s69_cm33_core0.o
                0x0000000000002be0                SEC_HYPERVISOR_CALL_IRQHandler
 .text.SEC_GPIO_INT0_IRQ0_IRQHandler
                0x0000000000002be8        0x8 ./startup/startup_lpc55s69_cm33_core0.o
                0x0000000000002be8                SEC_GPIO_INT0_IRQ0_IRQHandler
 .text.SEC_GPIO_INT0_IRQ1_IRQHandler
                0x0000000000002bf0        0x8 ./startup/startup_lpc55s69_cm33_core0.o
                0x0000000000002bf0                SEC_GPIO_INT0_IRQ1_IRQHandler
 .text.PLU_IRQHandler
                0x0000000000002bf8        0x8 ./startup/startup_lpc55s69_cm33_core0.o
                0x0000000000002bf8                PLU_IRQHandler
 .text.SEC_VIO_IRQHandler
                0x0000000000002c00        0x8 ./startup/startup_lpc55s69_cm33_core0.o
                0x0000000000002c00                SEC_VIO_IRQHandler
 .text.HASHCRYPT_IRQHandler
                0x0000000000002c08        0x8 ./startup/startup_lpc55s69_cm33_core0.o
                0x0000000000002c08                HASHCRYPT_IRQHandler
 .text.CASER_IRQHandler
                0x0000000000002c10        0x8 ./startup/startup_lpc55s69_cm33_core0.o
                0x0000000000002c10                CASER_IRQHandler
 .text.PUF_IRQHandler
                0x0000000000002c18        0x8 ./startup/startup_lpc55s69_cm33_core0.o
                0x0000000000002c18                PUF_IRQHandler
 .text.PQ_IRQHandler
                0x0000000000002c20        0x8 ./startup/startup_lpc55s69_cm33_core0.o
                0x0000000000002c20                PQ_IRQHandler
 .text.DMA1_IRQHandler
                0x0000000000002c28        0x8 ./startup/startup_lpc55s69_cm33_core0.o
                0x0000000000002c28                DMA1_IRQHandler
 .text.FLEXCOMM8_IRQHandler
                0x0000000000002c30        0x8 ./startup/startup_lpc55s69_cm33_core0.o
                0x0000000000002c30                FLEXCOMM8_IRQHandler
 .text.SVC_Handler
                0x0000000000002c38       0x24 ./startup/svc.o
                0x0000000000002c38                SVC_Handler
 .text.test_add
                0x0000000000002c5c       0x1e ./source/oslib.o
                0x0000000000002c5c                test_add
 .text.sem_new  0x0000000000002c7a       0x16 ./source/oslib.o
                0x0000000000002c7a                sem_new
 .text.sem_p    0x0000000000002c90       0x14 ./source/oslib.o
                0x0000000000002c90                sem_p
 .text.sem_v    0x0000000000002ca4       0x14 ./source/oslib.o
                0x0000000000002ca4                sem_v
 .text.HardFault_Handler
                0x0000000000002cb8       0x2c ./source/semihost_hardfault.o
                0x0000000000002cb8                HardFault_Handler
 .text.sys_add  0x0000000000002ce4       0x1c ./kernel/kernel.o
                0x0000000000002ce4                sys_add
 .text.svc_dispatch
                0x0000000000002d00       0x38 ./kernel/kernel.o
                0x0000000000002d00                svc_dispatch
 .text.sys_tick_cb
                0x0000000000002d38        0xe ./kernel/kernel.o
                0x0000000000002d38                sys_tick_cb
 .text.CLOCK_IsPLL0Locked
                0x0000000000002d46       0x24 ./drivers/fsl_clock.o
 .text.findPll0PreDiv
                0x0000000000002d6a       0x3e ./drivers/fsl_clock.o
 .text.DelayLoop
                0x0000000000002da8       0x20 ./drivers/fsl_common.o
 .text.CLOCK_EnableClock
                0x0000000000002dc8       0x30 ./drivers/fsl_gpio.o
 .text.GPIO_PinInit
                0x0000000000002df8       0xa4 ./drivers/fsl_gpio.o
                0x0000000000002df8                GPIO_PinInit
 .text.CLOCK_EnableClock
                0x0000000000002e9c       0x30 ./drivers/fsl_inputmux.o
 .text.CLOCK_DisableClock
                0x0000000000002ecc       0x30 ./drivers/fsl_inputmux.o
 .text.INPUTMUX_Init
                0x0000000000002efc       0x16 ./drivers/fsl_inputmux.o
                0x0000000000002efc                INPUTMUX_Init
 .text.INPUTMUX_AttachSignal
                0x0000000000002f12       0x38 ./drivers/fsl_inputmux.o
                0x0000000000002f12                INPUTMUX_AttachSignal
 .text.INPUTMUX_Deinit
                0x0000000000002f4a       0x16 ./drivers/fsl_inputmux.o
                0x0000000000002f4a                INPUTMUX_Deinit
 .text.CLOCK_EnableClock
                0x0000000000002f60       0x30 ./drivers/fsl_pint.o
 .text.EnableIRQ
                0x0000000000002f90       0x32 ./drivers/fsl_pint.o
 .text.PINT_PinInterruptClrFallFlag
                0x0000000000002fc2       0x22 ./drivers/fsl_pint.o
 .text.PINT_PinInterruptClrRiseFlag
                0x0000000000002fe4       0x22 ./drivers/fsl_pint.o
 .text.PINT_PatternMatchResetDetectLogic
                0x0000000000003006       0x34 ./drivers/fsl_pint.o
                0x0000000000003006                PINT_PatternMatchResetDetectLogic
 .text.PINT_PinInterruptClrStatus
                0x000000000000303a       0x4e ./drivers/fsl_pint.o
                0x000000000000303a                PINT_PinInterruptClrStatus
 .text.RESET_PeripheralReset
                0x0000000000003088       0x1c ./drivers/fsl_reset.o
                0x0000000000003088                RESET_PeripheralReset
 .text.SystemInitHook
                0x00000000000030a4        0xe ./device/system_LPC55S69_cm33_core0.o
                0x00000000000030a4                SystemInitHook
 .text.GPIO_PinWrite
                0x00000000000030b2       0x2a ./device/target.o
 .text.dev_init_test
                0x00000000000030dc       0x2a ./device/target.o
 .text.dev_open_test
                0x0000000000003106       0x50 ./device/target.o
 .text.dev_close_test
                0x0000000000003156       0x34 ./device/target.o
 .text.on_swuser_cb
                0x000000000000318a       0x18 ./device/target.o
 .text.DbgConsole_Init
                0x00000000000031a2       0x20 ./board/board.o
 .text.BOARD_InitBootClocks
                0x00000000000031c2        0xc ./board/clock_config.o
                0x00000000000031c2                BOARD_InitBootClocks
 .text.BOARD_InitPeripherals
                0x00000000000031ce        0xe ./board/peripherals.o
                0x00000000000031ce                BOARD_InitPeripherals
 .text.BOARD_InitBootPeripherals
                0x00000000000031dc        0xc ./board/peripherals.o
                0x00000000000031dc                BOARD_InitBootPeripherals
 .text.Chip_GetVersion
                0x00000000000031e8       0x36 ./board/pin_mux.o
 .text.CLOCK_EnableClock
                0x000000000000321e       0x30 ./board/pin_mux.o
 .text.IOCON_PinMuxSet
                0x000000000000324e       0x2e ./board/pin_mux.o
 .text.BOARD_InitBootPins
                0x000000000000327c        0xc ./board/pin_mux.o
                0x000000000000327c                BOARD_InitBootPins
 .text.memcpy   0x0000000000003288       0x1a /usr/local/mcuxpressoide-11.3.0_5222/ide/plugins/com.nxp.mcuxpresso.tools.linux_11.3.0.202011031536/tools/bin/../lib/gcc/arm-none-eabi/9.3.1/../../../../arm-none-eabi/lib/thumb/v8-m.main+fp/hard/libc_nano.a(lib_a-memcpy-stub.o)
                0x0000000000003288                memcpy
 .text.memset   0x00000000000032a2       0x10 /usr/local/mcuxpressoide-11.3.0_5222/ide/plugins/com.nxp.mcuxpresso.tools.linux_11.3.0.202011031536/tools/bin/../lib/gcc/arm-none-eabi/9.3.1/../../../../arm-none-eabi/lib/thumb/v8-m.main+fp/hard/libc_nano.a(lib_a-memset.o)
                0x00000000000032a2                memset
 .text.__sfputc_r
                0x00000000000032b2       0x2e /usr/local/mcuxpressoide-11.3.0_5222/ide/plugins/com.nxp.mcuxpresso.tools.linux_11.3.0.202011031536/tools/bin/../lib/gcc/arm-none-eabi/9.3.1/../../../../arm-none-eabi/lib/thumb/v8-m.main+fp/hard/libc_nano.a(lib_a-nano-vfprintf.o)
 .text.__sfputs_r
                0x00000000000032e0       0x24 /usr/local/mcuxpressoide-11.3.0_5222/ide/plugins/com.nxp.mcuxpresso.tools.linux_11.3.0.202011031536/tools/bin/../lib/gcc/arm-none-eabi/9.3.1/../../../../arm-none-eabi/lib/thumb/v8-m.main+fp/hard/libc_nano.a(lib_a-nano-vfprintf.o)
                0x00000000000032e0                __sfputs_r
 .text._printf_common
                0x0000000000003304       0xe0 /usr/local/mcuxpressoide-11.3.0_5222/ide/plugins/com.nxp.mcuxpresso.tools.linux_11.3.0.202011031536/tools/bin/../lib/gcc/arm-none-eabi/9.3.1/../../../../arm-none-eabi/lib/thumb/v8-m.main+fp/hard/libc_nano.a(lib_a-nano-vfprintf_i.o)
                0x0000000000003304                _printf_common
 .text          0x00000000000033e4       0x10 /usr/local/mcuxpressoide-11.3.0_5222/ide/plugins/com.nxp.mcuxpresso.tools.linux_11.3.0.202011031536/tools/bin/../lib/gcc/arm-none-eabi/9.3.1/../../../../arm-none-eabi/lib/thumb/v8-m.main+fp/hard/libc_nano.a(lib_a-strlen.o)
                0x00000000000033e4                strlen
 .text.abort    0x00000000000033f4        0xe /usr/local/mcuxpressoide-11.3.0_5222/ide/plugins/com.nxp.mcuxpresso.tools.linux_11.3.0.202011031536/tools/bin/../lib/gcc/arm-none-eabi/9.3.1/../../../../arm-none-eabi/lib/thumb/v8-m.main+fp/hard/libc_nano.a(lib_a-abort.o)
                0x00000000000033f4                abort
 .text.__sfmoreglue
                0x0000000000003402       0x2c /usr/local/mcuxpressoide-11.3.0_5222/ide/plugins/com.nxp.mcuxpresso.tools.linux_11.3.0.202011031536/tools/bin/../lib/gcc/arm-none-eabi/9.3.1/../../../../arm-none-eabi/lib/thumb/v8-m.main+fp/hard/libc_nano.a(lib_a-findfp.o)
                0x0000000000003402                __sfmoreglue
 .text._fwalk_reent
                0x000000000000342e       0x3e /usr/local/mcuxpressoide-11.3.0_5222/ide/plugins/com.nxp.mcuxpresso.tools.linux_11.3.0.202011031536/tools/bin/../lib/gcc/arm-none-eabi/9.3.1/../../../../arm-none-eabi/lib/thumb/v8-m.main+fp/hard/libc_nano.a(lib_a-fwalk.o)
                0x000000000000342e                _fwalk_reent
 .text.__retarget_lock_init_recursive
                0x000000000000346c        0x2 /usr/local/mcuxpressoide-11.3.0_5222/ide/plugins/com.nxp.mcuxpresso.tools.linux_11.3.0.202011031536/tools/bin/../lib/gcc/arm-none-eabi/9.3.1/../../../../arm-none-eabi/lib/thumb/v8-m.main+fp/hard/libc_nano.a(lib_a-lock.o)
                0x000000000000346c                __retarget_lock_init_recursive
 .text.__retarget_lock_acquire_recursive
                0x000000000000346e        0x2 /usr/local/mcuxpressoide-11.3.0_5222/ide/plugins/com.nxp.mcuxpresso.tools.linux_11.3.0.202011031536/tools/bin/../lib/gcc/arm-none-eabi/9.3.1/../../../../arm-none-eabi/lib/thumb/v8-m.main+fp/hard/libc_nano.a(lib_a-lock.o)
                0x000000000000346e                __retarget_lock_acquire_recursive
 .text.__retarget_lock_release_recursive
                0x0000000000003470        0x2 /usr/local/mcuxpressoide-11.3.0_5222/ide/plugins/com.nxp.mcuxpresso.tools.linux_11.3.0.202011031536/tools/bin/../lib/gcc/arm-none-eabi/9.3.1/../../../../arm-none-eabi/lib/thumb/v8-m.main+fp/hard/libc_nano.a(lib_a-lock.o)
                0x0000000000003470                __retarget_lock_release_recursive
 .text.__swhatbuf_r
                0x0000000000003472       0x48 /usr/local/mcuxpressoide-11.3.0_5222/ide/plugins/com.nxp.mcuxpresso.tools.linux_11.3.0.202011031536/tools/bin/../lib/gcc/arm-none-eabi/9.3.1/../../../../arm-none-eabi/lib/thumb/v8-m.main+fp/hard/libc_nano.a(lib_a-makebuf.o)
                0x0000000000003472                __swhatbuf_r
 .text.memchr   0x00000000000034ba       0x1c /usr/local/mcuxpressoide-11.3.0_5222/ide/plugins/com.nxp.mcuxpresso.tools.linux_11.3.0.202011031536/tools/bin/../lib/gcc/arm-none-eabi/9.3.1/../../../../arm-none-eabi/lib/thumb/v8-m.main+fp/hard/libc_nano.a(lib_a-memchr-stub.o)
                0x00000000000034ba                memchr
 .text._raise_r
                0x00000000000034d6       0x50 /usr/local/mcuxpressoide-11.3.0_5222/ide/plugins/com.nxp.mcuxpresso.tools.linux_11.3.0.202011031536/tools/bin/../lib/gcc/arm-none-eabi/9.3.1/../../../../arm-none-eabi/lib/thumb/v8-m.main+fp/hard/libc_nano.a(lib_a-signal.o)
                0x00000000000034d6                _raise_r
 .text._getpid_r
                0x0000000000003526        0x4 /usr/local/mcuxpressoide-11.3.0_5222/ide/plugins/com.nxp.mcuxpresso.tools.linux_11.3.0.202011031536/tools/bin/../lib/gcc/arm-none-eabi/9.3.1/../../../../arm-none-eabi/lib/thumb/v8-m.main+fp/hard/libc_nano.a(lib_a-signalr.o)
                0x0000000000003526                _getpid_r
 .text.__sread  0x000000000000352a       0x22 /usr/local/mcuxpressoide-11.3.0_5222/ide/plugins/com.nxp.mcuxpresso.tools.linux_11.3.0.202011031536/tools/bin/../lib/gcc/arm-none-eabi/9.3.1/../../../../arm-none-eabi/lib/thumb/v8-m.main+fp/hard/libc_nano.a(lib_a-stdio.o)
                0x000000000000352a                __sread
 .text.__swrite
                0x000000000000354c       0x38 /usr/local/mcuxpressoide-11.3.0_5222/ide/plugins/com.nxp.mcuxpresso.tools.linux_11.3.0.202011031536/tools/bin/../lib/gcc/arm-none-eabi/9.3.1/../../../../arm-none-eabi/lib/thumb/v8-m.main+fp/hard/libc_nano.a(lib_a-stdio.o)
                0x000000000000354c                __swrite
 .text.__sseek  0x0000000000003584       0x24 /usr/local/mcuxpressoide-11.3.0_5222/ide/plugins/com.nxp.mcuxpresso.tools.linux_11.3.0.202011031536/tools/bin/../lib/gcc/arm-none-eabi/9.3.1/../../../../arm-none-eabi/lib/thumb/v8-m.main+fp/hard/libc_nano.a(lib_a-stdio.o)
                0x0000000000003584                __sseek
 .text.__sclose
                0x00000000000035a8        0x8 /usr/local/mcuxpressoide-11.3.0_5222/ide/plugins/com.nxp.mcuxpresso.tools.linux_11.3.0.202011031536/tools/bin/../lib/gcc/arm-none-eabi/9.3.1/../../../../arm-none-eabi/lib/thumb/v8-m.main+fp/hard/libc_nano.a(lib_a-stdio.o)
                0x00000000000035a8                __sclose
 .text._exit    0x00000000000035b0        0x8 /usr/local/mcuxpressoide-11.3.0_5222/ide/plugins/com.nxp.mcuxpresso.tools.linux_11.3.0.202011031536/tools/bin/../lib/gcc/arm-none-eabi/9.3.1/../../../../arm-none-eabi/lib/thumb/v8-m.main+fp/hard/libcr_newlib_semihost.a(_exit.o)
                0x00000000000035b0                _exit
 .text.error    0x00000000000035b8       0x1c /usr/local/mcuxpressoide-11.3.0_5222/ide/plugins/com.nxp.mcuxpresso.tools.linux_11.3.0.202011031536/tools/bin/../lib/gcc/arm-none-eabi/9.3.1/../../../../arm-none-eabi/lib/thumb/v8-m.main+fp/hard/libcr_newlib_semihost.a(syscalls.o)
 .text.checkerror
                0x00000000000035d4       0x20 /usr/local/mcuxpressoide-11.3.0_5222/ide/plugins/com.nxp.mcuxpresso.tools.linux_11.3.0.202011031536/tools/bin/../lib/gcc/arm-none-eabi/9.3.1/../../../../arm-none-eabi/lib/thumb/v8-m.main+fp/hard/libcr_newlib_semihost.a(syscalls.o)
 .text._swiread
                0x00000000000035f4       0x20 /usr/local/mcuxpressoide-11.3.0_5222/ide/plugins/com.nxp.mcuxpresso.tools.linux_11.3.0.202011031536/tools/bin/../lib/gcc/arm-none-eabi/9.3.1/../../../../arm-none-eabi/lib/thumb/v8-m.main+fp/hard/libcr_newlib_semihost.a(syscalls.o)
                0x00000000000035f4                _swiread
 .text._read    0x0000000000003614       0x36 /usr/local/mcuxpressoide-11.3.0_5222/ide/plugins/com.nxp.mcuxpresso.tools.linux_11.3.0.202011031536/tools/bin/../lib/gcc/arm-none-eabi/9.3.1/../../../../arm-none-eabi/lib/thumb/v8-m.main+fp/hard/libcr_newlib_semihost.a(syscalls.o)
                0x0000000000003614                _read
 .text._swilseek
                0x000000000000364a       0x78 /usr/local/mcuxpressoide-11.3.0_5222/ide/plugins/com.nxp.mcuxpresso.tools.linux_11.3.0.202011031536/tools/bin/../lib/gcc/arm-none-eabi/9.3.1/../../../../arm-none-eabi/lib/thumb/v8-m.main+fp/hard/libcr_newlib_semihost.a(syscalls.o)
                0x000000000000364a                _swilseek
 .text._lseek   0x00000000000036c2        0x4 /usr/local/mcuxpressoide-11.3.0_5222/ide/plugins/com.nxp.mcuxpresso.tools.linux_11.3.0.202011031536/tools/bin/../lib/gcc/arm-none-eabi/9.3.1/../../../../arm-none-eabi/lib/thumb/v8-m.main+fp/hard/libcr_newlib_semihost.a(syscalls.o)
                0x00000000000036c2                _lseek
 .text._swiwrite
                0x00000000000036c6       0x20 /usr/local/mcuxpressoide-11.3.0_5222/ide/plugins/com.nxp.mcuxpresso.tools.linux_11.3.0.202011031536/tools/bin/../lib/gcc/arm-none-eabi/9.3.1/../../../../arm-none-eabi/lib/thumb/v8-m.main+fp/hard/libcr_newlib_semihost.a(syscalls.o)
                0x00000000000036c6                _swiwrite
 .text._write   0x00000000000036e6       0x44 /usr/local/mcuxpressoide-11.3.0_5222/ide/plugins/com.nxp.mcuxpresso.tools.linux_11.3.0.202011031536/tools/bin/../lib/gcc/arm-none-eabi/9.3.1/../../../../arm-none-eabi/lib/thumb/v8-m.main+fp/hard/libcr_newlib_semihost.a(syscalls.o)
                0x00000000000036e6                _write
 .text._swiclose
                0x000000000000372a       0x1a /usr/local/mcuxpressoide-11.3.0_5222/ide/plugins/com.nxp.mcuxpresso.tools.linux_11.3.0.202011031536/tools/bin/../lib/gcc/arm-none-eabi/9.3.1/../../../../arm-none-eabi/lib/thumb/v8-m.main+fp/hard/libcr_newlib_semihost.a(syscalls.o)
                0x000000000000372a                _swiclose
 .text._getpid  0x0000000000003744        0x4 /usr/local/mcuxpressoide-11.3.0_5222/ide/plugins/com.nxp.mcuxpresso.tools.linux_11.3.0.202011031536/tools/bin/../lib/gcc/arm-none-eabi/9.3.1/../../../../arm-none-eabi/lib/thumb/v8-m.main+fp/hard/libcr_newlib_semihost.a(syscalls.o)
                0x0000000000003744                _getpid
 .text._swistat
                0x0000000000003748       0x42 /usr/local/mcuxpressoide-11.3.0_5222/ide/plugins/com.nxp.mcuxpresso.tools.linux_11.3.0.202011031536/tools/bin/../lib/gcc/arm-none-eabi/9.3.1/../../../../arm-none-eabi/lib/thumb/v8-m.main+fp/hard/libcr_newlib_semihost.a(syscalls.o)
                0x0000000000003748                _swistat
 .text._fstat   0x000000000000378a       0x1c /usr/local/mcuxpressoide-11.3.0_5222/ide/plugins/com.nxp.mcuxpresso.tools.linux_11.3.0.202011031536/tools/bin/../lib/gcc/arm-none-eabi/9.3.1/../../../../arm-none-eabi/lib/thumb/v8-m.main+fp/hard/libcr_newlib_semihost.a(syscalls.o)
                0x000000000000378a                _fstat
 .text._isatty  0x00000000000037a6       0x2a /usr/local/mcuxpressoide-11.3.0_5222/ide/plugins/com.nxp.mcuxpresso.tools.linux_11.3.0.202011031536/tools/bin/../lib/gcc/arm-none-eabi/9.3.1/../../../../arm-none-eabi/lib/thumb/v8-m.main+fp/hard/libcr_newlib_semihost.a(syscalls.o)
                0x00000000000037a6                _isatty
 *(SORT_BY_ALIGNMENT(.rodata) SORT_BY_ALIGNMENT(.rodata.*) SORT_BY_ALIGNMENT(.constdata) SORT_BY_ALIGNMENT(.constdata.*))
 .rodata.SDK_DelayAtLeastUs.str1.4
                0x00000000000037d0       0x38 ./drivers/fsl_common.o
 .rodata.__func__.9203
                0x0000000000003808       0x13 ./drivers/fsl_common.o
 *fill*         0x000000000000381b        0x1 ff
 .rodata.FLEXCOMM_GetInstance.str1.4
                0x000000000000381c       0x40 ./drivers/fsl_flexcomm.o
 .rodata.FLEXCOMM0_DriverIRQHandler.str1.4
                0x000000000000385c       0x18 ./drivers/fsl_flexcomm.o
 .rodata.FLEXCOMM1_DriverIRQHandler.str1.4
                0x0000000000003874       0x18 ./drivers/fsl_flexcomm.o
 .rodata.FLEXCOMM2_DriverIRQHandler.str1.4
                0x000000000000388c       0x18 ./drivers/fsl_flexcomm.o
 .rodata.FLEXCOMM3_DriverIRQHandler.str1.4
                0x00000000000038a4       0x18 ./drivers/fsl_flexcomm.o
 .rodata.FLEXCOMM4_DriverIRQHandler.str1.4
                0x00000000000038bc       0x18 ./drivers/fsl_flexcomm.o
 .rodata.FLEXCOMM5_DriverIRQHandler.str1.4
                0x00000000000038d4       0x18 ./drivers/fsl_flexcomm.o
 .rodata.FLEXCOMM6_DriverIRQHandler.str1.4
                0x00000000000038ec       0x18 ./drivers/fsl_flexcomm.o
 .rodata.FLEXCOMM7_DriverIRQHandler.str1.4
                0x0000000000003904       0x18 ./drivers/fsl_flexcomm.o
 .rodata.FLEXCOMM8_DriverIRQHandler.str1.4
                0x000000000000391c       0x18 ./drivers/fsl_flexcomm.o
 .rodata.__func__.9245
                0x0000000000003934       0x1b ./drivers/fsl_flexcomm.o
 *fill*         0x000000000000394f        0x1 ff
 .rodata.__func__.9251
                0x0000000000003950       0x1b ./drivers/fsl_flexcomm.o
 *fill*         0x000000000000396b        0x1 ff
 .rodata.__func__.9257
                0x000000000000396c       0x1b ./drivers/fsl_flexcomm.o
 *fill*         0x0000000000003987        0x1 ff
 .rodata.__func__.9263
                0x0000000000003988       0x1b ./drivers/fsl_flexcomm.o
 *fill*         0x00000000000039a3        0x1 ff
 .rodata.__func__.9269
                0x00000000000039a4       0x1b ./drivers/fsl_flexcomm.o
 *fill*         0x00000000000039bf        0x1 ff
 .rodata.__func__.9275
                0x00000000000039c0       0x1b ./drivers/fsl_flexcomm.o
 *fill*         0x00000000000039db        0x1 ff
 .rodata.__func__.9281
                0x00000000000039dc       0x1b ./drivers/fsl_flexcomm.o
 *fill*         0x00000000000039f7        0x1 ff
 .rodata.__func__.9287
                0x00000000000039f8       0x1b ./drivers/fsl_flexcomm.o
 *fill*         0x0000000000003a13        0x1 ff
 .rodata.__func__.9293
                0x0000000000003a14       0x1b ./drivers/fsl_flexcomm.o
 *fill*         0x0000000000003a2f        0x1 ff
 .rodata.s_gpioClockName
                0x0000000000003a30        0x8 ./drivers/fsl_gpio.o
 .rodata.s_gpioResets
                0x0000000000003a38       0x18 ./drivers/fsl_gpio.o
 .rodata.GPIO_EnablePortClock.str1.4
                0x0000000000003a50       0x30 ./drivers/fsl_gpio.o
 .rodata.__func__.9242
                0x0000000000003a80       0x15 ./drivers/fsl_gpio.o
 *fill*         0x0000000000003a95        0x3 ff
 .rodata.s_pintIRQ
                0x0000000000003a98        0xa ./drivers/fsl_pint.o
 *fill*         0x0000000000003aa2        0x2 ff
 .rodata.PINT_Init.str1.4
                0x0000000000003aa4       0x1c ./drivers/fsl_pint.o
 .rodata.__func__.9338
                0x0000000000003ac0        0xa ./drivers/fsl_pint.o
 *fill*         0x0000000000003aca        0x2 ff
 .rodata.__func__.9354
                0x0000000000003acc       0x18 ./drivers/fsl_pint.o
 .rodata.__func__.9423
                0x0000000000003ae4       0x1b ./drivers/fsl_pint.o
 *fill*         0x0000000000003aff        0x1 ff
 .rodata.RESET_SetPeripheralReset.str1.4
                0x0000000000003b00       0x1d ./drivers/fsl_reset.o
 *fill*         0x0000000000003b1d        0x3 ff
 .rodata.__func__.9179
                0x0000000000003b20       0x19 ./drivers/fsl_reset.o
 *fill*         0x0000000000003b39        0x3 ff
 .rodata.__func__.9189
                0x0000000000003b3c       0x1b ./drivers/fsl_reset.o
 *fill*         0x0000000000003b57        0x1 ff
 .rodata.dev_read_test.str1.4
                0x0000000000003b58       0x13 ./device/target.o
 *fill*         0x0000000000003b6b        0x1 ff
 .rodata        0x0000000000003b6c        0x2 ./device/target.o
 *fill*         0x0000000000003b6e        0x2 ff
 .rodata._global_impure_ptr
                0x0000000000003b70        0x4 /usr/local/mcuxpressoide-11.3.0_5222/ide/plugins/com.nxp.mcuxpresso.tools.linux_11.3.0.202011031536/tools/bin/../lib/gcc/arm-none-eabi/9.3.1/../../../../arm-none-eabi/lib/thumb/v8-m.main+fp/hard/libc_nano.a(lib_a-impure.o)
                0x0000000000003b70                _global_impure_ptr
 .rodata.__sf_fake_stderr
                0x0000000000003b74       0x20 /usr/local/mcuxpressoide-11.3.0_5222/ide/plugins/com.nxp.mcuxpresso.tools.linux_11.3.0.202011031536/tools/bin/../lib/gcc/arm-none-eabi/9.3.1/../../../../arm-none-eabi/lib/thumb/v8-m.main+fp/hard/libc_nano.a(lib_a-findfp.o)
                0x0000000000003b74                __sf_fake_stderr
 .rodata.__sf_fake_stdin
                0x0000000000003b94       0x20 /usr/local/mcuxpressoide-11.3.0_5222/ide/plugins/com.nxp.mcuxpresso.tools.linux_11.3.0.202011031536/tools/bin/../lib/gcc/arm-none-eabi/9.3.1/../../../../arm-none-eabi/lib/thumb/v8-m.main+fp/hard/libc_nano.a(lib_a-findfp.o)
                0x0000000000003b94                __sf_fake_stdin
 .rodata.__sf_fake_stdout
                0x0000000000003bb4       0x20 /usr/local/mcuxpressoide-11.3.0_5222/ide/plugins/com.nxp.mcuxpresso.tools.linux_11.3.0.202011031536/tools/bin/../lib/gcc/arm-none-eabi/9.3.1/../../../../arm-none-eabi/lib/thumb/v8-m.main+fp/hard/libc_nano.a(lib_a-findfp.o)
                0x0000000000003bb4                __sf_fake_stdout
 .rodata.__assert_func.str1.1
                0x0000000000003bd4       0x3c /usr/local/mcuxpressoide-11.3.0_5222/ide/plugins/com.nxp.mcuxpresso.tools.linux_11.3.0.202011031536/tools/bin/../lib/gcc/arm-none-eabi/9.3.1/../../../../arm-none-eabi/lib/thumb/v8-m.main+fp/hard/libc_nano.a(lib_a-assert.o)
                                         0x3d (size before relaxing)
 .rodata._vfprintf_r.str1.1
                0x0000000000003c10       0x11 /usr/local/mcuxpressoide-11.3.0_5222/ide/plugins/com.nxp.mcuxpresso.tools.linux_11.3.0.202011031536/tools/bin/../lib/gcc/arm-none-eabi/9.3.1/../../../../arm-none-eabi/lib/thumb/v8-m.main+fp/hard/libc_nano.a(lib_a-nano-vfprintf.o)
 .rodata._printf_i.str1.1
                0x0000000000003c21       0x22 /usr/local/mcuxpressoide-11.3.0_5222/ide/plugins/com.nxp.mcuxpresso.tools.linux_11.3.0.202011031536/tools/bin/../lib/gcc/arm-none-eabi/9.3.1/../../../../arm-none-eabi/lib/thumb/v8-m.main+fp/hard/libc_nano.a(lib_a-nano-vfprintf_i.o)
 .rodata.initialise_monitor_handles.str1.1
                0x0000000000003c43        0x4 /usr/local/mcuxpressoide-11.3.0_5222/ide/plugins/com.nxp.mcuxpresso.tools.linux_11.3.0.202011031536/tools/bin/../lib/gcc/arm-none-eabi/9.3.1/../../../../arm-none-eabi/lib/thumb/v8-m.main+fp/hard/libcr_newlib_semihost.a(syscalls.o)
                0x0000000000003c48                . = ALIGN (0x4)
 *fill*         0x0000000000003c47        0x1 ff

.glue_7         0x0000000000003c48        0x0
 .glue_7        0x0000000000003c48        0x0 linker stubs

.glue_7t        0x0000000000003c48        0x0
 .glue_7t       0x0000000000003c48        0x0 linker stubs

.vfp11_veneer   0x0000000000003c48        0x0
 .vfp11_veneer  0x0000000000003c48        0x0 linker stubs

.v4_bx          0x0000000000003c48        0x0
 .v4_bx         0x0000000000003c48        0x0 linker stubs

.iplt           0x0000000000003c48        0x0
 .iplt          0x0000000000003c48        0x0 ./startup/startup_lpc55s69_cm33_core0.o

.ARM.extab
 *(SORT_BY_ALIGNMENT(.ARM.extab*) SORT_BY_ALIGNMENT(.gnu.linkonce.armextab.*))

.ARM.exidx      0x0000000000003c48        0x8
                0x0000000000003c48                __exidx_start = .
 *(SORT_BY_ALIGNMENT(.ARM.exidx*) SORT_BY_ALIGNMENT(.gnu.linkonce.armexidx.*))
 .ARM.exidx     0x0000000000003c48        0x8 /usr/local/mcuxpressoide-11.3.0_5222/ide/plugins/com.nxp.mcuxpresso.tools.linux_11.3.0.202011031536/tools/bin/../lib/gcc/arm-none-eabi/9.3.1/thumb/v8-m.main+fp/hard/libgcc.a(_udivmoddi4.o)
                0x0000000000003c50                __exidx_end = .
                0x0000000000003c50                _etext = .

.rel.dyn        0x0000000000003c50        0x0
 .rel.iplt      0x0000000000003c50        0x0 ./startup/startup_lpc55s69_cm33_core0.o

.m_usb_data
 *(SORT_BY_ALIGNMENT(m_usb_global))

.data_RAM2      0x0000000020040000        0x0 load address 0x0000000000003c50
 FILL mask 0xff
                [!provide]                        PROVIDE (__start_data_RAM2 = .)
                [!provide]                        PROVIDE (__start_data_SRAM4 = .)
 *(SORT_BY_ALIGNMENT(.ramfunc.$RAM2))
 *(SORT_BY_ALIGNMENT(.ramfunc.$SRAM4))
 *(SORT_BY_ALIGNMENT(.data.$RAM2))
 *(SORT_BY_ALIGNMENT(.data.$SRAM4))
 *(SORT_BY_ALIGNMENT(.data.$RAM2.*))
 *(SORT_BY_ALIGNMENT(.data.$SRAM4.*))
                0x0000000020040000                . = ALIGN (0x4)
                [!provide]                        PROVIDE (__end_data_RAM2 = .)
                [!provide]                        PROVIDE (__end_data_SRAM4 = .)

.data_RAM3      0x0000000004000000        0x0 load address 0x0000000000003c50
 FILL mask 0xff
                [!provide]                        PROVIDE (__start_data_RAM3 = .)
                [!provide]                        PROVIDE (__start_data_SRAMX = .)
 *(SORT_BY_ALIGNMENT(.ramfunc.$RAM3))
 *(SORT_BY_ALIGNMENT(.ramfunc.$SRAMX))
 *(SORT_BY_ALIGNMENT(.data.$RAM3))
 *(SORT_BY_ALIGNMENT(.data.$SRAMX))
 *(SORT_BY_ALIGNMENT(.data.$RAM3.*))
 *(SORT_BY_ALIGNMENT(.data.$SRAMX.*))
                0x0000000004000000                . = ALIGN (0x4)
                [!provide]                        PROVIDE (__end_data_RAM3 = .)
                [!provide]                        PROVIDE (__end_data_SRAMX = .)

.data_RAM4      0x0000000040100000        0x0 load address 0x0000000000003c50
 FILL mask 0xff
                [!provide]                        PROVIDE (__start_data_RAM4 = .)
                [!provide]                        PROVIDE (__start_data_USB_RAM = .)
 *(SORT_BY_ALIGNMENT(.ramfunc.$RAM4))
 *(SORT_BY_ALIGNMENT(.ramfunc.$USB_RAM))
 *(SORT_BY_ALIGNMENT(.data.$RAM4))
 *(SORT_BY_ALIGNMENT(.data.$USB_RAM))
 *(SORT_BY_ALIGNMENT(.data.$RAM4.*))
 *(SORT_BY_ALIGNMENT(.data.$USB_RAM.*))
                0x0000000040100000                . = ALIGN (0x4)
                [!provide]                        PROVIDE (__end_data_RAM4 = .)
                [!provide]                        PROVIDE (__end_data_USB_RAM = .)

.uninit_RESERVED
                0x0000000020000000        0x0
                0x0000000020000000                _start_uninit_RESERVED = .
 *(SORT_BY_ALIGNMENT(.bss.$RESERVED*))
                0x0000000020000000                . = ALIGN (0x4)
                0x0000000020000000                _end_uninit_RESERVED = .

.data           0x0000000020000000      0x118 load address 0x0000000000003c50
 FILL mask 0xff
                0x0000000020000000                _data = .
                [!provide]                        PROVIDE (__start_data_RAM = .)
                [!provide]                        PROVIDE (__start_data_SRAM = .)
 *(SORT_BY_ALIGNMENT(vtable))
 *(SORT_BY_ALIGNMENT(.ramfunc*))
 *(SORT_BY_ALIGNMENT(CodeQuickAccess))
 *(SORT_BY_ALIGNMENT(DataQuickAccess))
 *(SORT_BY_ALIGNMENT(RamFunction))
 *(SORT_BY_ALIGNMENT(.data*))
 .data.s_Ext_Clk_Freq
                0x0000000020000000        0x4 ./drivers/fsl_clock.o
 .data.SystemCoreClock
                0x0000000020000004        0x4 ./device/system_LPC55S69_cm33_core0.o
                0x0000000020000004                SystemCoreClock
 .data.dev_test
                0x0000000020000008       0x34 ./device/target.o
                0x0000000020000008                dev_test
 .data.dev_leds
                0x000000002000003c       0x34 ./device/target.o
                0x000000002000003c                dev_leds
 .data.dev_swuser
                0x0000000020000070       0x34 ./device/target.o
                0x0000000020000070                dev_swuser
 .data.device_table
                0x00000000200000a4       0x10 ./device/target.o
                0x00000000200000a4                device_table
 .data._impure_ptr
                0x00000000200000b4        0x4 /usr/local/mcuxpressoide-11.3.0_5222/ide/plugins/com.nxp.mcuxpresso.tools.linux_11.3.0.202011031536/tools/bin/../lib/gcc/arm-none-eabi/9.3.1/../../../../arm-none-eabi/lib/thumb/v8-m.main+fp/hard/libc_nano.a(lib_a-impure.o)
                0x00000000200000b4                _impure_ptr
 .data.impure_data
                0x00000000200000b8       0x60 /usr/local/mcuxpressoide-11.3.0_5222/ide/plugins/com.nxp.mcuxpresso.tools.linux_11.3.0.202011031536/tools/bin/../lib/gcc/arm-none-eabi/9.3.1/../../../../arm-none-eabi/lib/thumb/v8-m.main+fp/hard/libc_nano.a(lib_a-impure.o)
                0x0000000020000118                . = ALIGN (0x4)
                0x0000000020000118                _edata = .
                [!provide]                        PROVIDE (__end_data_RAM = .)
                [!provide]                        PROVIDE (__end_data_SRAM = .)

.igot.plt       0x0000000020000118        0x0 load address 0x0000000000003d68
 .igot.plt      0x0000000020000118        0x0 ./startup/startup_lpc55s69_cm33_core0.o

.bss_RAM2       0x0000000020040000        0x0
                [!provide]                        PROVIDE (__start_bss_RAM2 = .)
                [!provide]                        PROVIDE (__start_bss_SRAM4 = .)
 *(SORT_BY_ALIGNMENT(.bss.$RAM2))
 *(SORT_BY_ALIGNMENT(.bss.$SRAM4))
 *(SORT_BY_ALIGNMENT(.bss.$RAM2.*))
 *(SORT_BY_ALIGNMENT(.bss.$SRAM4.*))
                0x0000000020040000                . = ALIGN ((. != 0x0)?0x4:0x1)
                [!provide]                        PROVIDE (__end_bss_RAM2 = .)
                [!provide]                        PROVIDE (__end_bss_SRAM4 = .)

.bss_RAM3       0x0000000004000000        0x0
                [!provide]                        PROVIDE (__start_bss_RAM3 = .)
                [!provide]                        PROVIDE (__start_bss_SRAMX = .)
 *(SORT_BY_ALIGNMENT(.bss.$RAM3))
 *(SORT_BY_ALIGNMENT(.bss.$SRAMX))
 *(SORT_BY_ALIGNMENT(.bss.$RAM3.*))
 *(SORT_BY_ALIGNMENT(.bss.$SRAMX.*))
                0x0000000004000000                . = ALIGN ((. != 0x0)?0x4:0x1)
                [!provide]                        PROVIDE (__end_bss_RAM3 = .)
                [!provide]                        PROVIDE (__end_bss_SRAMX = .)

.bss_RAM4       0x0000000040100000        0x0
                [!provide]                        PROVIDE (__start_bss_RAM4 = .)
                [!provide]                        PROVIDE (__start_bss_USB_RAM = .)
 *(SORT_BY_ALIGNMENT(.bss.$RAM4))
 *(SORT_BY_ALIGNMENT(.bss.$USB_RAM))
 *(SORT_BY_ALIGNMENT(.bss.$RAM4.*))
 *(SORT_BY_ALIGNMENT(.bss.$USB_RAM.*))
                0x0000000040100000                . = ALIGN ((. != 0x0)?0x4:0x1)
                [!provide]                        PROVIDE (__end_bss_RAM4 = .)
                [!provide]                        PROVIDE (__end_bss_USB_RAM = .)

.bss            0x0000000020000118      0x12c
                0x0000000020000118                _bss = .
                [!provide]                        PROVIDE (__start_bss_RAM = .)
                [!provide]                        PROVIDE (__start_bss_SRAM = .)
 *(SORT_BY_ALIGNMENT(.bss*))
 .bss.res       0x0000000020000118        0x4 ./source/main.o
                0x0000000020000118                res
 .bss.tsk_running
                0x000000002000011c        0x4 ./kernel/kernel.o
                0x000000002000011c                tsk_running
 .bss.tsk_prev  0x0000000020000120        0x4 ./kernel/kernel.o
                0x0000000020000120                tsk_prev
 .bss.sys_tick_cnt
                0x0000000020000124        0x4 ./kernel/kernel.o
                0x0000000020000124                sys_tick_cnt
 .bss.s_Pll0_Freq
                0x0000000020000128        0x4 ./drivers/fsl_clock.o
 .bss.s_flexcommIrqHandler
                0x000000002000012c       0x24 ./drivers/fsl_flexcomm.o
 .bss.s_flexcommHandle
                0x0000000020000150       0x24 ./drivers/fsl_flexcomm.o
 .bss.s_secpintCallback
                0x0000000020000174        0x8 ./drivers/fsl_pint.o
 .bss.s_pintCallback
                0x000000002000017c       0x20 ./drivers/fsl_pint.o
 .bss.opened_fds
                0x000000002000019c       0x50 ./device/vfs.o
                0x000000002000019c                opened_fds
 .bss.vfs_mutex
                0x00000000200001ec        0x4 ./device/vfs.o
                0x00000000200001ec                vfs_mutex
 .bss.__malloc_free_list
                0x00000000200001f0        0x4 /usr/local/mcuxpressoide-11.3.0_5222/ide/plugins/com.nxp.mcuxpresso.tools.linux_11.3.0.202011031536/tools/bin/../lib/gcc/arm-none-eabi/9.3.1/../../../../arm-none-eabi/lib/thumb/v8-m.main+fp/hard/libc_nano.a(lib_a-nano-mallocr.o)
                0x00000000200001f0                __malloc_free_list
 .bss.__malloc_sbrk_start
                0x00000000200001f4        0x4 /usr/local/mcuxpressoide-11.3.0_5222/ide/plugins/com.nxp.mcuxpresso.tools.linux_11.3.0.202011031536/tools/bin/../lib/gcc/arm-none-eabi/9.3.1/../../../../arm-none-eabi/lib/thumb/v8-m.main+fp/hard/libc_nano.a(lib_a-nano-mallocr.o)
                0x00000000200001f4                __malloc_sbrk_start
 .bss.__end_of_heap
                0x00000000200001f8        0x4 /usr/local/mcuxpressoide-11.3.0_5222/ide/plugins/com.nxp.mcuxpresso.tools.linux_11.3.0.202011031536/tools/bin/../lib/gcc/arm-none-eabi/9.3.1/../../../../arm-none-eabi/lib/thumb/v8-m.main+fp/hard/libcr_newlib_semihost.a(_cr_sbrk.o)
                0x00000000200001f8                __end_of_heap
 .bss.initialized.7076
                0x00000000200001fc        0x4 /usr/local/mcuxpressoide-11.3.0_5222/ide/plugins/com.nxp.mcuxpresso.tools.linux_11.3.0.202011031536/tools/bin/../lib/gcc/arm-none-eabi/9.3.1/../../../../arm-none-eabi/lib/thumb/v8-m.main+fp/hard/libcr_newlib_semihost.a(syscalls.o)
 .bss.monitor_stderr
                0x0000000020000200        0x4 /usr/local/mcuxpressoide-11.3.0_5222/ide/plugins/com.nxp.mcuxpresso.tools.linux_11.3.0.202011031536/tools/bin/../lib/gcc/arm-none-eabi/9.3.1/../../../../arm-none-eabi/lib/thumb/v8-m.main+fp/hard/libcr_newlib_semihost.a(syscalls.o)
 .bss.monitor_stdin
                0x0000000020000204        0x4 /usr/local/mcuxpressoide-11.3.0_5222/ide/plugins/com.nxp.mcuxpresso.tools.linux_11.3.0.202011031536/tools/bin/../lib/gcc/arm-none-eabi/9.3.1/../../../../arm-none-eabi/lib/thumb/v8-m.main+fp/hard/libcr_newlib_semihost.a(syscalls.o)
 .bss.monitor_stdout
                0x0000000020000208        0x4 /usr/local/mcuxpressoide-11.3.0_5222/ide/plugins/com.nxp.mcuxpresso.tools.linux_11.3.0.202011031536/tools/bin/../lib/gcc/arm-none-eabi/9.3.1/../../../../arm-none-eabi/lib/thumb/v8-m.main+fp/hard/libcr_newlib_semihost.a(syscalls.o)
 .bss.openfiles
                0x000000002000020c       0x28 /usr/local/mcuxpressoide-11.3.0_5222/ide/plugins/com.nxp.mcuxpresso.tools.linux_11.3.0.202011031536/tools/bin/../lib/gcc/arm-none-eabi/9.3.1/../../../../arm-none-eabi/lib/thumb/v8-m.main+fp/hard/libcr_newlib_semihost.a(syscalls.o)
 *(SORT_BY_ALIGNMENT(COMMON))
 COMMON         0x0000000020000234        0x4 /usr/local/mcuxpressoide-11.3.0_5222/ide/plugins/com.nxp.mcuxpresso.tools.linux_11.3.0.202011031536/tools/bin/../lib/gcc/arm-none-eabi/9.3.1/../../../../arm-none-eabi/lib/thumb/v8-m.main+fp/hard/libc_nano.a(lib_a-reent.o)
                0x0000000020000234                errno
 COMMON         0x0000000020000238        0x9 /usr/local/mcuxpressoide-11.3.0_5222/ide/plugins/com.nxp.mcuxpresso.tools.linux_11.3.0.202011031536/tools/bin/../lib/gcc/arm-none-eabi/9.3.1/../../../../arm-none-eabi/lib/thumb/v8-m.main+fp/hard/libc_nano.a(lib_a-lock.o)
                0x0000000020000238                __lock___atexit_recursive_mutex
                0x0000000020000239                __lock___arc4random_mutex
                0x000000002000023a                __lock___env_recursive_mutex
                0x000000002000023b                __lock___sinit_recursive_mutex
                0x000000002000023c                __lock___malloc_recursive_mutex
                0x000000002000023d                __lock___at_quick_exit_mutex
                0x000000002000023e                __lock___dd_hash_mutex
                0x000000002000023f                __lock___tz_mutex
                0x0000000020000240                __lock___sfp_recursive_mutex
                0x0000000020000244                . = ALIGN (0x4)
 *fill*         0x0000000020000241        0x3 
                0x0000000020000244                _ebss = .
                [!provide]                        PROVIDE (__end_bss_RAM = .)
                [!provide]                        PROVIDE (__end_bss_SRAM = .)
                [!provide]                        PROVIDE (end = .)

.noinit_RAM2    0x0000000020040000        0x0
                [!provide]                        PROVIDE (__start_noinit_RAM2 = .)
                [!provide]                        PROVIDE (__start_noinit_SRAM4 = .)
 *(SORT_BY_ALIGNMENT(.noinit.$RAM2))
 *(SORT_BY_ALIGNMENT(.noinit.$SRAM4))
 *(SORT_BY_ALIGNMENT(.noinit.$RAM2.*))
 *(SORT_BY_ALIGNMENT(.noinit.$SRAM4.*))
                0x0000000020040000                . = ALIGN (0x4)
                [!provide]                        PROVIDE (__end_noinit_RAM2 = .)
                [!provide]                        PROVIDE (__end_noinit_SRAM4 = .)

.noinit_RAM3    0x0000000004000000        0x0
                [!provide]                        PROVIDE (__start_noinit_RAM3 = .)
                [!provide]                        PROVIDE (__start_noinit_SRAMX = .)
 *(SORT_BY_ALIGNMENT(.noinit.$RAM3))
 *(SORT_BY_ALIGNMENT(.noinit.$SRAMX))
 *(SORT_BY_ALIGNMENT(.noinit.$RAM3.*))
 *(SORT_BY_ALIGNMENT(.noinit.$SRAMX.*))
                0x0000000004000000                . = ALIGN (0x4)
                [!provide]                        PROVIDE (__end_noinit_RAM3 = .)
                [!provide]                        PROVIDE (__end_noinit_SRAMX = .)

.noinit_RAM4    0x0000000040100000        0x0
                [!provide]                        PROVIDE (__start_noinit_RAM4 = .)
                [!provide]                        PROVIDE (__start_noinit_USB_RAM = .)
 *(SORT_BY_ALIGNMENT(.noinit.$RAM4))
 *(SORT_BY_ALIGNMENT(.noinit.$USB_RAM))
 *(SORT_BY_ALIGNMENT(.noinit.$RAM4.*))
 *(SORT_BY_ALIGNMENT(.noinit.$USB_RAM.*))
                0x0000000040100000                . = ALIGN (0x4)
                [!provide]                        PROVIDE (__end_noinit_RAM4 = .)
                [!provide]                        PROVIDE (__end_noinit_USB_RAM = .)

.noinit         0x0000000020000244        0x0
                0x0000000020000244                _noinit = .
                [!provide]                        PROVIDE (__start_noinit_RAM = .)
                [!provide]                        PROVIDE (__start_noinit_SRAM = .)
 *(SORT_BY_ALIGNMENT(.noinit*))
                0x0000000020000244                . = ALIGN (0x4)
                0x0000000020000244                _end_noinit = .
                [!provide]                        PROVIDE (__end_noinit_RAM = .)
                [!provide]                        PROVIDE (__end_noinit_SRAM = .)
                0x0000000000001000                _HeapSize = 0x1000

.heap           0x0000000020000244     0x1000
                0x0000000020000244                _pvHeapStart = .
                0x0000000020001244                . = (. + _HeapSize)
 *fill*         0x0000000020000244     0x1000 
                0x0000000020001244                . = ALIGN (0x4)
                0x0000000020001244                _pvHeapLimit = .
                0x0000000000001000                _StackSize = 0x1000

.heap2stackfill
                0x0000000020001244     0x1000
                0x0000000020002244                . = (. + _StackSize)
 *fill*         0x0000000020001244     0x1000 

.stack          0x000000002003f000        0x0
                0x000000002003f000                _vStackBase = .
                0x000000002003f000                . = ALIGN (0x4)
                0x0000000020040000                _vStackTop = (. + _StackSize)
                [!provide]                        PROVIDE (__valid_user_code_checksum = (0x0 - ((((((_vStackTop + (ResetISR + 0x1)) + (NMI_Handler + 0x1)) + (HardFault_Handler + 0x1)) + (DEFINED (MemManage_Handler)?MemManage_Handler:0x0 + 0x1)) + (DEFINED (BusFault_Handler)?BusFault_Handler:0x0 + 0x1)) + (DEFINED (UsageFault_Handler)?UsageFault_Handler:0x0 + 0x1))))
                0x0000000000000000                _image_start = LOADADDR (.text)
                0x0000000000003d68                _image_end = (LOADADDR (.data) + SIZEOF (.data))
                0x0000000000003d68                _image_size = (_image_end - _image_start)
OUTPUT(LPC55S69_OS.src.axf elf32-littlearm)
LOAD linker stubs

.debug_info     0x0000000000000000    0x214f9
 .debug_info    0x0000000000000000     0x1996 ./startup/startup_lpc55s69_cm33_core0.o
 .debug_info    0x0000000000001996       0x22 ./startup/svc.o
 .debug_info    0x00000000000019b8      0xc7b ./source/main.o
 .debug_info    0x0000000000002633      0xb42 ./source/oslib.o
 .debug_info    0x0000000000003175       0x3c ./source/semihost_hardfault.o
 .debug_info    0x00000000000031b1     0x16b0 ./kernel/kernel.o
 .debug_info    0x0000000000004861     0x3b55 ./drivers/fsl_clock.o
 .debug_info    0x00000000000083b6      0xb4b ./drivers/fsl_common.o
 .debug_info    0x0000000000008f01     0x236d ./drivers/fsl_flexcomm.o
 .debug_info    0x000000000000b26e     0x2008 ./drivers/fsl_gpio.o
 .debug_info    0x000000000000d276     0x2704 ./drivers/fsl_inputmux.o
 .debug_info    0x000000000000f97a     0x2c29 ./drivers/fsl_pint.o
 .debug_info    0x00000000000125a3     0x17e0 ./drivers/fsl_reset.o
 .debug_info    0x0000000000013d83     0x1384 ./device/system_LPC55S69_cm33_core0.o
 .debug_info    0x0000000000015107     0x2b01 ./device/target.o
 .debug_info    0x0000000000017c08     0x10e5 ./device/vfs.o
 .debug_info    0x0000000000018ced     0x11be ./board/board.o
 .debug_info    0x0000000000019eab     0x1e6b ./board/clock_config.o
 .debug_info    0x000000000001bd16      0x986 ./board/peripherals.o
 .debug_info    0x000000000001c69c     0x1858 ./board/pin_mux.o
 .debug_info    0x000000000001def4     0x3605 /home/eric/dev/baremetal/nxp-lpc55s69-evk/labos-lpc55s69-evk/LPC55S69_OS.src/LPC55S69/mcuxpresso/libpower_hardabi.a(fsl_power_lib.o)

.debug_abbrev   0x0000000000000000     0x36d9
 .debug_abbrev  0x0000000000000000      0x31a ./startup/startup_lpc55s69_cm33_core0.o
 .debug_abbrev  0x000000000000031a       0x12 ./startup/svc.o
 .debug_abbrev  0x000000000000032c      0x1e1 ./source/main.o
 .debug_abbrev  0x000000000000050d      0x248 ./source/oslib.o
 .debug_abbrev  0x0000000000000755       0x31 ./source/semihost_hardfault.o
 .debug_abbrev  0x0000000000000786      0x3a1 ./kernel/kernel.o
 .debug_abbrev  0x0000000000000b27      0x441 ./drivers/fsl_clock.o
 .debug_abbrev  0x0000000000000f68      0x251 ./drivers/fsl_common.o
 .debug_abbrev  0x00000000000011b9      0x38e ./drivers/fsl_flexcomm.o
 .debug_abbrev  0x0000000000001547      0x2e6 ./drivers/fsl_gpio.o
 .debug_abbrev  0x000000000000182d      0x2d3 ./drivers/fsl_inputmux.o
 .debug_abbrev  0x0000000000001b00      0x3a0 ./drivers/fsl_pint.o
 .debug_abbrev  0x0000000000001ea0      0x252 ./drivers/fsl_reset.o
 .debug_abbrev  0x00000000000020f2      0x1fa ./device/system_LPC55S69_cm33_core0.o
 .debug_abbrev  0x00000000000022ec      0x332 ./device/target.o
 .debug_abbrev  0x000000000000261e      0x28d ./device/vfs.o
 .debug_abbrev  0x00000000000028ab      0x23a ./board/board.o
 .debug_abbrev  0x0000000000002ae5      0x2cb ./board/clock_config.o
 .debug_abbrev  0x0000000000002db0      0x1b5 ./board/peripherals.o
 .debug_abbrev  0x0000000000002f65      0x2e0 ./board/pin_mux.o
 .debug_abbrev  0x0000000000003245      0x494 /home/eric/dev/baremetal/nxp-lpc55s69-evk/labos-lpc55s69-evk/LPC55S69_OS.src/LPC55S69/mcuxpresso/libpower_hardabi.a(fsl_power_lib.o)

.debug_aranges  0x0000000000000000      0xba0
 .debug_aranges
                0x0000000000000000      0x270 ./startup/startup_lpc55s69_cm33_core0.o
 .debug_aranges
                0x0000000000000270       0x28 ./startup/svc.o
 .debug_aranges
                0x0000000000000298       0x20 ./source/main.o
 .debug_aranges
                0x00000000000002b8       0x78 ./source/oslib.o
 .debug_aranges
                0x0000000000000330       0x20 ./source/semihost_hardfault.o
 .debug_aranges
                0x0000000000000350       0x98 ./kernel/kernel.o
 .debug_aranges
                0x00000000000003e8      0x220 ./drivers/fsl_clock.o
 .debug_aranges
                0x0000000000000608       0x38 ./drivers/fsl_common.o
 .debug_aranges
                0x0000000000000640       0x90 ./drivers/fsl_flexcomm.o
 .debug_aranges
                0x00000000000006d0       0x38 ./drivers/fsl_gpio.o
 .debug_aranges
                0x0000000000000708       0x40 ./drivers/fsl_inputmux.o
 .debug_aranges
                0x0000000000000748      0x118 ./drivers/fsl_pint.o
 .debug_aranges
                0x0000000000000860       0x30 ./drivers/fsl_reset.o
 .debug_aranges
                0x0000000000000890       0x88 ./device/system_LPC55S69_cm33_core0.o
 .debug_aranges
                0x0000000000000918       0xa0 ./device/target.o
 .debug_aranges
                0x00000000000009b8       0x68 ./device/vfs.o
 .debug_aranges
                0x0000000000000a20       0x30 ./board/board.o
 .debug_aranges
                0x0000000000000a50       0x50 ./board/clock_config.o
 .debug_aranges
                0x0000000000000aa0       0x28 ./board/peripherals.o
 .debug_aranges
                0x0000000000000ac8       0x40 ./board/pin_mux.o
 .debug_aranges
                0x0000000000000b08       0x98 /home/eric/dev/baremetal/nxp-lpc55s69-evk/labos-lpc55s69-evk/LPC55S69_OS.src/LPC55S69/mcuxpresso/libpower_hardabi.a(fsl_power_lib.o)

.debug_ranges   0x0000000000000000      0xbc0
 .debug_ranges  0x0000000000000000      0x260 ./startup/startup_lpc55s69_cm33_core0.o
 .debug_ranges  0x0000000000000260       0x20 ./startup/svc.o
 .debug_ranges  0x0000000000000280       0x10 ./source/main.o
 .debug_ranges  0x0000000000000290       0x68 ./source/oslib.o
 .debug_ranges  0x00000000000002f8       0x10 ./source/semihost_hardfault.o
 .debug_ranges  0x0000000000000308       0x88 ./kernel/kernel.o
 .debug_ranges  0x0000000000000390      0x210 ./drivers/fsl_clock.o
 .debug_ranges  0x00000000000005a0       0x28 ./drivers/fsl_common.o
 .debug_ranges  0x00000000000005c8       0x80 ./drivers/fsl_flexcomm.o
 .debug_ranges  0x0000000000000648       0x28 ./drivers/fsl_gpio.o
 .debug_ranges  0x0000000000000670       0x30 ./drivers/fsl_inputmux.o
 .debug_ranges  0x00000000000006a0      0x108 ./drivers/fsl_pint.o
 .debug_ranges  0x00000000000007a8       0x20 ./drivers/fsl_reset.o
 .debug_ranges  0x00000000000007c8       0x78 ./device/system_LPC55S69_cm33_core0.o
 .debug_ranges  0x0000000000000840       0x90 ./device/target.o
 .debug_ranges  0x00000000000008d0       0x58 ./device/vfs.o
 .debug_ranges  0x0000000000000928       0x20 ./board/board.o
 .debug_ranges  0x0000000000000948       0x40 ./board/clock_config.o
 .debug_ranges  0x0000000000000988       0x18 ./board/peripherals.o
 .debug_ranges  0x00000000000009a0       0x30 ./board/pin_mux.o
 .debug_ranges  0x00000000000009d0      0x1f0 /home/eric/dev/baremetal/nxp-lpc55s69-evk/labos-lpc55s69-evk/LPC55S69_OS.src/LPC55S69/mcuxpresso/libpower_hardabi.a(fsl_power_lib.o)

.debug_macro    0x0000000000000000     0x3417
 .debug_macro   0x0000000000000000      0x273 ./startup/startup_lpc55s69_cm33_core0.o
 .debug_macro   0x0000000000000273       0x10 ./startup/startup_lpc55s69_cm33_core0.o
 .debug_macro   0x0000000000000283       0x2f ./startup/startup_lpc55s69_cm33_core0.o
 .debug_macro   0x00000000000002b2       0x10 ./startup/startup_lpc55s69_cm33_core0.o
 .debug_macro   0x00000000000002c2       0xf6 ./startup/startup_lpc55s69_cm33_core0.o
 .debug_macro   0x00000000000003b8      0x25c ./startup/startup_lpc55s69_cm33_core0.o
 .debug_macro   0x0000000000000614       0x5e ./startup/startup_lpc55s69_cm33_core0.o
 .debug_macro   0x0000000000000672      0x31d ./source/main.o
 .debug_macro   0x000000000000098f       0x16 ./source/main.o
 .debug_macro   0x00000000000009a5       0x97 ./source/main.o
 .debug_macro   0x0000000000000a3c       0xfd ./source/main.o
 .debug_macro   0x0000000000000b39       0x10 ./source/main.o
 .debug_macro   0x0000000000000b49       0x76 ./source/main.o
 .debug_macro   0x0000000000000bbf      0x24d ./source/oslib.o
 .debug_macro   0x0000000000000e0c       0x11 ./source/semihost_hardfault.o
 .debug_macro   0x0000000000000e1d      0x24e ./kernel/kernel.o
 .debug_macro   0x000000000000106b      0x2b5 ./drivers/fsl_clock.o
 .debug_macro   0x0000000000001320      0x2fe ./drivers/fsl_clock.o
 .debug_macro   0x000000000000161e      0x212 ./drivers/fsl_common.o
 .debug_macro   0x0000000000001830      0x215 ./drivers/fsl_flexcomm.o
 .debug_macro   0x0000000000001a45       0x10 ./drivers/fsl_flexcomm.o
 .debug_macro   0x0000000000001a55      0x21c ./drivers/fsl_gpio.o
 .debug_macro   0x0000000000001c71      0x21f ./drivers/fsl_inputmux.o
 .debug_macro   0x0000000000001e90       0x8e ./drivers/fsl_inputmux.o