core_cm33.h:2324:22:__NVIC_SetPriority	16	static
core_cm33.h:2773:26:SysTick_Config	16	static
kernel.c:26:5:sys_add	16	static
kernel.c:36:9:svc_dispatch	24	static
kernel.c:49:6:sys_switch_ctx	4	static
kernel.c:63:6:sys_tick_cb	4	static
kernel.c:70:6:SysTick_Handler	8	static
kernel.c:87:9:sys_os_start	16	static
kernel.c:132:9:sys_task_new	24	static
kernel.c:145:9:sys_task_kill	4	static
kernel.c:155:9:sys_task_id	4	static
kernel.c:166:9:sys_task_yield	4	static
kernel.c:175:9:sys_task_wait	16	static
kernel.c:191:13:sys_sem_new	16	static
kernel.c:201:9:sys_sem_p	16	static
kernel.c:211:9:sys_sem_v	16	static
